border_size=1
usage=map

Aa          , Aa          , Aa          , Aa          , Aa          , Gd          , Gd          , Gd          , Gd          , Gd          , Aa^Fpa      , Gll^Fp      , Gll^Fp      , Aa^Fpa      , Aa^Fpa      , Aa          , Aa          , Aa          , Aa          , Aa          , Aa          , Ha          , Ms          , Mm          , Mm          , Mm          , Mm          , Mm          , Hhd         , Aa^Fpa      , Aa^Fpa      , Aa^Fpa      , Aa^Fpa      , Gll^Fp      , Gd          , Gll^Fp      , Aa^Fpa      , Gd          , Aa          , Ha          , Ha          , Ha          
Aa          , Aa          , Aa          , Aa          , Aa          , Aa          , Aa          , Aa          , Gd          , Gd          , Aa^Fpa      , Aa^Fpa      , Gll^Fp      , Gll^Fp      , Aa^Fpa      , Gd          , Aa          , Aa          , Aa          , Aa          , Aa          , Ha          , Ms          , Mm          , Mm          , Mm          , Mm          , Hhd         , Hhd         , Aa^Fpa      , Aa^Fpa      , Aa^Fpa      , Gll^Fp      , Ww          , Ww          , Ww          , Aa^Fpa      , Aa^Fpa      , Aa          , Aa          , Aa          , Aa          
Aa          , Aa          , Aa          , Aa          , Aa          , Aa          , Aa          , Aa          , Aa          , Aa          , Aa^Fpa      , Aa^Fpa      , Gll^Fp      , Gll^Fp      , Gll^Fp      , Aa^Fpa      , Gd          , Aa          , Aa          , Aa          , Aa          , Ai          , Ai          , Ms          , Ms          , Mm          , Mm          , Hhd         , Aa^Fpa      , Aa^Fpa      , Gll^Fp      , Gll^Fp      , Gll^Fp      , Ww          , Ww          , Ww          , Gll^Fp      , Gll^Fp      , Gd          , Aa          , Aa          , Aa          
Ha          , Aa          , Aa          , Aa          , Aa          , Aa          , Aa          , Aa          , Aa          , Aa          , Aa^Fpa      , Aa^Fpa      , Gll^Fp      , Gll^Fp      , Gll^Fp      , Aa^Fpa      , Aa^Fpa      , Gd          , Gd          , Ai          , Ai          , Ai          , Ai          , Ai          , Ha          , Ha          , Ha          , Gd          , Gd          , Aa^Fpa      , Gd          , Gll^Fp      , Gll^Fp      , Ww          , Ww          , Ww          , Ww          , Gll^Fp      , Gd          , Aa          , Aa          , Aa          
Ms          , Ha          , Aa          , Aa          , Aa          , Aa          , Gd          , Aa          , Gd          , Gd          , Aa^Fpa      , Aa^Fpa      , Aa^Fpa      , Aa^Fpa      , Aa^Fpa      , Aa^Fpa      , Aa^Fpa      , Aa^Fpa      , Gd          , Ww          , Ai          , Ai          , Ai          , Ai          , Ai          , Aa          , Aa          , Aa          , Aa          , Aa^Fpa      , Gll^Fp      , Gll^Fp      , Gd          , Ww          , Ww          , Ww          , Gll^Fp      , Gll^Fp      , Gd          , Aa          , Aa          , Aa          
Ha          , Ha          , Ha          , Aa          , Aa          , Gd          , Gd          , Gd          , Gd          , Aa^Fpa      , Gd          , Gd          , Gd          , Aa^Fpa      , Aa^Fpa      , Aa^Fpa      , Aa^Fpa      , Aa^Fpa      , Aa^Fpa      , Ww          , Ww          , Ai          , Ai          , Ai          , Aa          , Ai          , Ai          , Aa          , Aa          , Gd          , Ww          , Ww          , Ww          , Ww          , Ww          , Ww          , Aa^Fpa      , Aa^Fpa      , Gd          , Aa          , Aa          , Gd          
Aa          , Aa          , Aa          , Aa          , Ha          , Aa^Fpa      , Aa^Fpa      , Aa^Fpa      , Aa^Fpa      , Gd          , Aa          , Aa          , Aa          , Gd          , Gd          , Gd          , Gd          , Aa^Fpa      , Aa^Fpa      , Ww          , Ww          , Ww          , Ai          , Aa          , Aa          , Aa          , Ai          , Aa          , Aa          , Ww          , Ww          , Ww          , Gd          , Ww          , Ww          , Aa^Fpa      , Aa          , Gd          , Gd          , Aa          , Ha          , Ms          
Aa          , Aa          , Ha          , Ch          , Ha          , Ha          , Gd          , Gd          , Gd          , Aa          , Aa          , Aa          , Aa          , Aa          , Aa          , Aa          , Aa          , Gd          , Aa^Fpa      , Aa^Fpa      , Gd          , Ww          , Ha          , Aa          , Aa          , Aa          , Aa          , Ai          , Ai          , Ww          , Ww          , Ww          , Ww          , Aa^Fpa      , Aa^Fpa      , Gd          , Aa          , Aa          , Aa          , Aa          , Ha          , Ms          
Aa          , Ha          , Ch          , Ch          , Ch          , Ch          , Re          , Re          , Re          , Aa          , Aa          , Aa          , Aa          , Aa          , Aa          , Aa          , Aa          , Gd          , Gd          , Gd          , Gd          , Gd          , Gd          , Gd          , Gd          , Gd          , Aa          , Aa          , Ww          , Ww          , Ww          , Ww          , Gd          , Gd          , Aa          , Aa          , Aa          , Aa          , Aa          , Aa          , Ms          , Ms          
Re          , Re          , Ch          , Ch          , 1 Kh        , Ch          , Hhd         , Aa          , Aa          , Re          , Re          , Ai          , Ai          , Ww          , Aa          , Aa          , Aa          , Aa          , Gd          , Ha          , Hhd         , Hhd         , Hhd         , Aa^Fpa      , Aa^Fpa      , Gd          , Ww          , Ww          , Aa^Fpa      , Ww          , Ww          , Gd          , Aa          , Aa          , Aa          , Aa          , Aa          , Aa          , Aa          , Aa          , Ha          , Ms          
Aa          , Aa^Fpa      , Ch          , Ch          , Ch          , Mm          , Mm          , Ha          , Aa          , Aa          , Aa          , Re          , Gd          , Gd          , Ai          , Aa          , Aa          , Aa          , Ha          , Ms          , Mm          , Mm          , Hhd         , Hhd         , Aa^Fpa      , Aa^Fpa      , Ww          , Gd          , Gll^Fp      , Ww          , Ww          , Gd          , Aa          , Aa          , Aa          , Aa          , Aa          , Aa          , Aa          , Ha          , Ha          , Ms          
Re          , Aa^Fpa      , Aa^Fpa      , Hhd         , Hhd         , Mm          , Mm          , Ha          , Ha          , Aa          , Gd          , Re          , Re          , Aa          , Aa          , Aa          , Aa          , Aa          , Ha          , Ms          , Mm          , Mm          , Mm          , Ms          , Hhd         , Aa^Fpa      , Ww          , Aa^Fpa      , Aa^Fpa      , Gll^Fp      , Aa^Fpa      , Gd          , Aa          , Aa          , Aa          , Aa          , Aa          , Aa          , Aa          , Ha          , Ha          , Ms          
Re          , Gd          , Aa^Fpa      , Aa^Fpa      , Hhd         , Hhd         , Hhd         , Ha          , Ha          , Gd          , Aa^Fpa      , Gd          , Re          , Aa          , Aa          , Aa          , Aa          , Aa          , Ai          , Ai          , Ai          , Ai          , Ms          , Ai          , Ai          , Ww          , Ww          , Aa^Fpa      , Ww          , Aa^Fpa      , Gd          , Aa          , Aa          , Aa          , Aa          , Aa          , Gd          , Gd          , Gd          , Ha          , Ms          , Ms          
Re          , Aa^Fpa      , Aa^Fpa      , Aa^Fpa      , Aa^Fpa      , Aa^Fpa      , Aa^Fpa      , Aa^Fpa      , Gd          , Aa^Fpa      , Aa^Fpa      , Gd          , Aa          , Re          , Re          , Aa          , Aa          , Ai          , Ai          , Ai          , Ai          , Ai          , Ms          , Ai          , Ai          , Ai          , Ww          , Ww          , Ww          , Aa^Fpa      , Gd          , Aa          , Aa          , Aa          , Aa          , Aa          , Gd          , Aa^Fpa      , Gd          , Ha          , Ms          , Ms          
Re          , Gd          , Gd          , Aa          , Gd          , Aa^Fpa      , Aa^Fpa      , Aa^Fpa      , Aa^Fpa      , Gd          , Gd          , Aa          , Aa          , Aa          , Aa          , Re          , Re          , Ai          , Ai          , Ai          , Ai          , Ai          , Ai          , Ww          , Ww          , Ww          , Ww          , Ww          , Aa^Fpa      , Gd          , Gd          , Gd          , Ww          , Aa          , Aa          , Aa          , Gd          , Gd          , Gd          , Ha          , Ha          , Ms          
Gd          , Aa          , Aa          , Aa          , Aa          , Gd          , Aa^Fpa      , Aa^Fpa      , Aa^Fpa      , Aa^Fpa      , Gd          , Aa          , Aa          , Aa          , Aa          , Aa          , Re          , Aa          , Aa          , Ha          , Ai          , Ww          , Ww          , Ww          , Ww          , Ww          , Ww          , Ww          , Aa^Fpa      , Aa^Fpa      , Gd          , Gd          , Ww          , Ww          , Aa          , Aa          , Aa          , Gd          , Aa^Fpa      , Gd          , Ha          , Hhd         
Aa          , Aa          , Aa          , Aa          , Gd          , Aa^Fpa      , Aa^Fpa      , Aa^Fpa      , Aa^Fpa      , Gd          , Gd          , Aa          , Aa          , Aa          , Aa          , Aa          , Aa          , Re          , Ai          , Ai          , Ww          , Ww          , Ww          , Hhd         , Hhd         , Ww          , Ww          , Ww          , Aa^Fpa      , Aa^Fpa      , Aa^Fpa      , Gd          , Ww          , Ww          , Aa          , Aa          , Aa          , Gd          , Gd          , Gd          , Gd          , Aa^Fpa      
Aa          , Aa          , Aa          , Aa          , Aa^Fpa      , Aa^Fpa      , Aa^Fpa      , Aa^Fpa      , Gd          , Aa          , Aa          , Aa          , Aa          , Aa          , Aa          , Aa          , Aa          , Re          , Re          , Aa          , Gd          , Ww          , Ww          , Hhd         , Hhd         , Hhd         , Hhd         , Hhd         , Aa^Fpa      , Aa^Fpa      , Aa^Fpa      , Ww          , Ww          , Gd          , Gd          , Gd          , Gd          , Gd          , Gd          , Aa^Fpa      , Aa^Fpa      , Gd          
Aa          , Aa          , Gd          , Gd          , Aa^Fpa      , Gll^Fp      , Aa^Fpa      , Gd          , Aa          , Aa          , Aa          , Aa          , Aa          , Gd          , Aa          , Aa          , Aa          , Aa          , Aa          , Re          , Re          , Aa^Fpa      , Ww          , Hhd         , Hhd         , Hhd         , Hhd         , Hhd         , Gll^Fp      , Gll^Fp      , Gll^Fp      , Ww          , Ww          , Aa^Fpa      , Aa^Fpa      , Gd          , Gd          , Aa          , Gd          , Aa^Fpa      , Aa^Fpa      , Gd          
Aa          , Gd          , Aa^Fpa      , Aa^Fpa      , Aa^Fpa      , Aa^Fpa      , Aa^Fpa      , Aa          , Aa          , Aa          , Aa          , Aa          , Gd          , Gd          , Gd          , Aa          , Aa          , Aa          , Aa          , Aa          , Ai          , Ww^Bw\      , Re          , Hhd         , Hhd         , Mm          , Hhd         , Aa^Fpa      , Aa^Fpa      , Gll^Fp      , Aa^Fpa      , Gd          , Aa^Fpa      , Gll^Fp      , Aa^Fpa      , Gd          , Gd          , Aa          , Gd          , Gd          , Aa^Fpa      , Gd          
Gd          , Aa^Fpa      , Aa^Fpa      , Hhd         , Hhd         , Hhd         , Hhd         , Ha          , Ha          , Ha          , Aa          , Aa          , Gd          , Aa^Fpa      , Gd          , Gd          , Aa          , Aa          , Aa          , Aa          , Ai          , Aa          , Re          , Hhd         , Mm          , Mm          , Hhd         , Gd          , Aa^Fpa      , Aa^Fpa      , Aa^Fpa      , Aa^Fpa      , Aa^Fpa      , Gll^Fp      , Gll^Fp      , Aa^Fpa      , Aa^Fpa      , Gd          , Aa^Fpa      , Aa^Fpa      , Aa^Fpa      , Aa^Fpa      
Hhd         , Gll^Fp      , Hhd         , Hhd         , Mm          , Mm          , Mm          , Ms          , Ms          , Ms          , Aa          , Aa          , Gd          , Aa^Fpa      , Aa^Fpa      , Aa^Fpa      , Gd          , Aa          , Aa          , Aa          , Aa          , Ai          , Aa          , Re          , Ha          , Ms          , Ha          , Gd          , Gd          , Aa^Fpa      , Aa^Fpa      , Aa^Fpa      , Aa^Fpa      , Aa^Fpa      , Aa^Fpa      , Aa^Fpa      , Aa^Fpa      , Aa^Fpa      , Aa^Fpa      , Aa^Fpa      , Gd          , Gd          
Aa^Fpa      , Gll^Fp      , Gll^Fp      , Hhd         , Hhd         , Mm          , Mm          , Ms          , Ms          , Ms          , Ha          , Aa          , Gd          , Aa^Fpa      , Aa^Fpa      , Aa^Fpa      , Gd          , Aa          , Aa          , Aa          , Aa          , Ai          , Aa          , Re          , Aa          , Ha          , Ha          , Aa          , Aa          , Gd          , Aa^Fpa      , Gll^Fp      , Aa^Fpa      , Aa^Fpa      , Aa^Fpa      , Aa^Fpa      , Gll^Fp      , Aa^Fpa      , Gll^Fp      , Aa^Fpa      , Aa^Fpa      , Gd          
Aa^Fpa      , Gll^Fp      , Gll^Fp      , Gll^Fp      , Hhd         , Mm          , Ms          , Ms          , Ms          , Ms          , Ha          , Aa          , Aa          , Gd          , Aa^Fpa      , Ww          , Ww          , Gd          , Gd          , Aa          , Aa          , Ai          , Aa          , Re          , Aa          , Aa          , Aa          , Aa          , Aa          , Gd          , Gd          , Gd          , Gd          , Gd          , Gd          , Aa^Fpa      , Aa^Fpa      , Gll^Fp      , Gll^Fp      , Aa^Fpa      , Aa^Fpa      , Re          
Aa^Fpa      , Aa^Fpa      , Aa^Fpa      , Aa^Fpa      , Hhd         , Mm          , Mm          , Ms          , Ms          , Ha          , Ha          , Aa          , Aa          , Aa          , Aa          , Gd          , Aa^Fpa      , Aa^Fpa      , Gd          , Aa          , Aa          , Ai          , Aa          , Re          , Aa          , Aa          , Aa          , Aa          , Gd          , Gd          , Aa          , Aa          , Aa          , Gd          , Gd          , Gd          , Gll^Fp      , Gll^Fp      , Gd          , Aa^Fpa      , Aa^Fpa      , Aa^Fpa      
Gd          , Aa^Fpa      , Aa^Fpa      , Aa^Fpa      , Hhd         , Mm          , Mm          , Ms          , Ms          , Ha          , Ha          , Ha          , Aa          , Aa          , Aa          , Aa          , Ww          , Ww          , Ww          , Ww          , Ai          , Ai          , Aa          , Re          , Re          , Gd          , Aa^Fpa      , Aa^Fpa      , Gd          , Gd          , Aa          , Aa          , Aa          , Aa          , Gd          , Gd          , Aa^Fpa      , Gll^Fp      , Gll^Fp      , Aa^Fpa      , Aa^Fpa      , Aa^Fpa      
Gd          , Aa          , Gd          , Aa          , Ha          , Ms          , Ms          , Ms          , Ms          , Ha          , Ha          , Aa          , Aa          , Aa          , Aa          , Aa          , Ww          , Ww          , Ww          , Ww          , Ww          , Ai          , Aa          , Aa          , Aa          , Re          , Aa^Fpa      , Gll^Fp      , Aa^Fpa      , Gd          , Aa          , Aa          , Aa          , Aa          , Gd          , Gd          , Aa^Fpa      , Aa^Fpa      , Aa^Fpa      , Aa^Fpa      , Aa^Fpa      , Aa^Fpa      
Gd          , Gd          , Aa          , Ha          , Ha          , Ms          , Ms          , Ms          , Ms          , Ha          , Aa          , Aa          , Aa          , Aa          , Aa          , Aa          , Ww          , Ww          , Wo          , Ww          , Ww          , Ww          , Gd          , Gd          , Aa          , Re          , Aa^Fpa      , Gll^Fp      , Aa^Fpa      , Gd          , Aa          , Aa          , Aa          , Aa          , Aa          , Gd          , Gd          , Gd          , Gd          , Gd          , Gd          , Gd          
Aa^Fpa      , Aa^Fpa      , Gd          , Gd          , Ha          , Ha          , Ms          , Ha          , Ha          , Aa          , Aa          , Aa          , Aa          , Aa          , Aa          , Aa          , Ai          , Ww          , Wo          , Ww          , Ww          , Ww          , Aa^Fpa      , Aa^Fpa      , Gd          , Re          , Gd          , Aa^Fpa      , Hhd         , Gd          , Aa          , Aa          , Aa          , Aa          , Aa          , Aa          , Gd          , Gd          , Aa          , Gd          , Re          , Re          
Aa^Fpa      , Aa^Fpa      , Aa^Fpa      , Aa^Fpa      , Gd          , Ha          , Aa          , Aa          , Aa          , Aa          , Gd          , Gd          , Gd          , Aa          , Aa          , Aa          , Ai          , Ww          , Wo          , Ww          , Ww          , Ww          , Ww          , Aa^Fpa      , Gd          , Re          , Gd          , Hhd         , Hhd         , Gd          , Aa          , Aa          , Aa          , Aa          , Aa          , Aa          , Aa          , Aa          , Re          , Re          , Aa          , Aa          
Aa^Fpa      , Gll^Fp      , Gll^Fp      , Gll^Fp      , Aa^Fpa      , Gd          , Aa          , Aa          , Aa          , Aa          , Gd          , Aa^Fpa      , Aa^Fpa      , Gd          , Aa          , Aa          , Aa          , Ai          , Ww          , Ww          , Aa^Fpa      , Ww          , Gd          , Gd          , Aa          , Re          , Aa          , Ha          , Hhd         , Hhd         , Aa          , Aa          , Aa          , Aa          , Aa          , Aa          , Re          , Re          , Aa          , Aa          , Aa          , Aa          
Aa^Fpa      , Gll^Fp      , Gll^Fp      , Gll^Fp      , Aa^Fpa      , Gd          , Aa          , Aa          , Aa          , Aa          , Aa          , Gd          , Aa^Fpa      , Gd          , Aa          , Aa          , Aa          , Aa          , Gd          , Gd          , Gd          , Ww          , Gd          , Gd          , Aa          , Re          , Ha          , Mm          , Mm          , Hhd         , Gd          , Gd          , Gd          , Aa          , Re          , Re          , Aa          , Aa          , Aa          , Aa          , Gd          , Gd          
Aa^Fpa      , Aa^Fpa      , Gll^Fp      , Gll^Fp      , Aa^Fpa      , Gd          , Aa          , Aa          , Aa          , Aa          , Aa          , Aa          , Gd          , Gd          , Aa          , Aa          , Aa          , Aa          , Aa          , Gd          , Aa          , Aa          , Gd          , Gd          , Aa          , Re          , Ha          , Hhd         , Mm          , Hhd         , Aa^Fpa      , Aa^Fpa      , Aa^Fpa      , Gd          , Re          , Aa          , Aa          , Aa          , Aa          , Gd          , Aa^Fpa      , Aa^Fpa      
Hhd         , Aa^Fpa      , Aa^Fpa      , Aa^Fpa      , Aa^Fpa      , Gd          , Aa          , Aa          , Ai          , Aa          , Aa          , Aa          , Aa          , Aa          , Aa          , Aa          , Aa          , Aa          , Aa          , Aa          , Aa          , Aa          , Aa          , Gd          , Aa          , Re          , Re          , Hhd         , Hhd         , Hhd         , Gll^Fp      , Aa^Fpa      , Re          , Re          , Aa          , Aa          , Aa          , Aa          , Aa          , Gd          , Aa^Fpa      , Aa^Fpa      
Ha          , Gd          , Gd          , Gd          , Gd          , Gd          , Ai          , Ai          , Ai          , Ai          , Aa          , Aa          , Aa          , Gd          , Aa          , Aa          , Aa          , Aa          , Aa          , Aa          , Aa          , Aa          , Aa          , Aa          , Aa          , Gd          , Hhd         , Re          , Re          , Ch          , Re          , Re          , Aa^Fpa      , Gd          , Gd          , Gd          , Aa          , Aa          , Gd          , Aa^Fpa      , Aa^Fpa      , Aa^Fpa      
Ha          , Aa          , Aa          , Gd          , Gd          , Gd          , Ai          , Ai          , Ww          , Ai          , Aa          , Aa          , Aa          , Aa          , Gd          , Gd          , Gd          , Aa          , Aa          , Aa          , Aa          , Aa          , Aa          , Aa          , Aa          , Aa^Fpa      , Hhd         , Mm          , Ch          , Ch          , Ch          , Ch          , Aa^Fpa      , Gd          , Gd          , Gd          , Gd          , Gd          , Gd          , Gd          , Aa^Fpa      , Gd          
Aa          , Aa          , Aa          , Aa          , Aa          , Aa          , Aa          , Ai          , Ww          , Ai          , Ai          , Aa          , Aa          , Aa          , Gd          , Aa^Fpa      , Gd          , Gd          , Gd          , Aa          , Aa          , Aa          , Ai          , Aa          , Aa          , Gd          , Hhd         , Mm          , Ch          , Ch          , 2 Kh        , Ch          , Gd          , Aa          , Aa          , Aa          , Aa          , Gd          , Ha          , Gd          , Gd          , Aa          
Aa          , Aa          , Gd          , Gd          , Gd          , Aa          , Aa          , Ai          , Wo          , Ww          , Ai          , Aa          , Aa          , Aa          , Gd          , Gd          , Aa^Fpa      , Gd          , Gd          , Aa          , Aa          , Aa          , Aa          , Aa          , Aa          , Gd          , Hhd         , Mm          , Ch          , Ch          , Ch          , Gd          , Aa          , Aa          , Aa          , Aa          , Aa          , Ha          , Ha          , Aa          , Aa          , Aa          
Aa          , Gd          , Aa^Fpa      , Gd          , Aa          , Aa          , Aa          , Ai          , Ai          , Ww          , Aa          , Aa          , Aa          , Aa          , Aa          , Gd          , Gd          , Gd          , Aa          , Aa          , Aa          , Aa          , Aa          , Aa          , Aa          , Aa          , Hhd         , Mm          , Mm          , Mm          , Hhd         , Gd          , Aa          , Aa          , Aa          , Aa          , Ha          , Ha          , Ha          , Aa          , Aa          , Aa          
Gd          , Aa^Fpa      , Aa^Fpa      , Gd          , Aa          , Aa          , Aa          , Aa          , Ai          , Aa          , Ai          , Aa          , Aa          , Aa          , Gd          , Aa          , Ha          , Gd          , Gd          , Gd          , Gd          , Gd          , Aa          , Gd          , Aa          , Aa          , Ha          , Mm          , Mm          , Mm          , Hhd         , Aa^Fpa      , Aa^Fpa      , Aa          , Aa          , Ha          , Ha          , Ha          , Aa          , Aa          , Aa          , Aa          
Aa^Fpa      , Aa^Fpa      , Gd          , Aa          , Aa          , Aa          , Aa          , Gd          , Ww          , Ai          , Aa          , Aa          , Aa          , Aa          , Aa          , Ha          , Aa          , Aa          , Gd          , Aa^Fpa      , Ww          , Ww          , Ww          , Gd          , Aa          , Aa          , Aa          , Ha          , Ms          , Mm          , Hhd         , Hhd         , Aa^Fpa      , Gd          , Aa          , Aa          , Aa          , Aa          , Aa          , Aa          , Aa          , Aa          
Aa^Fpa      , Aa^Fpa      , Gd          , Gd          , Aa^Fpa      , Gd          , Gd          , Gd          , Ww          , Ai          , Aa          , Aa          , Aa          , Aa          , Ha          , Aa          , Gd          , Gd          , Aa^Fpa      , Ww          , Ww          , Ww          , Ww          , Aa^Fpa      , Aa          , Aa          , Aa          , Ha          , Ms          , Mm          , Hhd         , Hhd         , Aa^Fpa      , Gd          , Aa          , Aa          , Aa          , Aa          , Aa          , Aa          , Aa          , Aa          
