border_size=1
usage=map

Hh          , Mm          , Mm          , Hh          , Gs^Fp       , Gs^Fp       , Gs^Fp       , Gs^Fp       , Hh          , Mm          , Hh          , Gg          , Gg          , Gg          , Aa          , Aa          , Gg          , Gg          , Gg          , Gs^Fp       , Gs^Fp       , Ds          , Ds          , Ds          , Ss          , Gs^Fp       , Gg          , Gg          , Ha          , Rr          , Rr          , Rr          , Rr          , Ha          , Hh          , Gg          , Gg          , Hh          , Gg          , Gg          , Gg          , Gg          , Gg          , Aa          , Aa          , Aa          , Aa          , Aa          
Hh          , Mm          , Hh          , Hh          , Gs^Fp       , Gs^Fp       , Gg          , Gg          , Gg          , Hh          , Hh          , Gg          , Rr          , Aa          , Aa          , Rr          , Rr          , Gg          , Gs^Fp       , Gs^Fp       , Gs^Fp       , Gs^Fp       , Ss          , Ss          , Ss          , Gs^Fp       , Gs^Fp       , Hh          , Mm          , Mm          , Mm          , Mm          , Ha          , Aa          , Rr          , Rr          , Rr          , Gg          , Gg          , Gg          , Gg          , Gg          , Gg^Vh       , Aa          , Aa          , Aa          , Aa          , Aa          
Aa          , Hh          , Hh          , Gs^Fp       , Gs^Fp       , Gg          , Rr          , Rr          , Rr          , Gg          , Gg^Vh       , Gg          , Rr          , Gg          , Gg          , Ds          , Ds          , Rr          , Rr          , Gs^Fp       , Gg^Ve       , Gs^Fp       , Gs^Fp       , Gs^Fp       , Gs^Fp       , Gs^Fp       , Hh          , Mm          , Mm          , Mm          , Mm          , Ha          , Aa          , Aa          , Gg          , Gg^Ve       , Rr          , Gs^Fp       , Rr          , Gg          , Gg          , Gg          , Gg          , Gg          , Gg          , Gg          , Gg          , Gg          
Aa          , Aa          , Gg          , Gg^Ve       , Rr          , Aa          , Aa          , Gg          , Gg          , Rr          , Rr          , Rr          , Gg          , Gg          , Gg          , Gs^Fp       , Gs^Fp       , Gs^Fp       , Rr          , Gs^Fp       , Gg          , Gg          , Gg          , Gg          , Gs^Fp       , Gs^Fp       , Hh          , Mm          , Mm          , Mm          , Mm          , Aa          , Aa          , Gg          , Gg          , Gs^Fp       , Gg^Ve       , Rr          , Ch          , Ch          , Ch          , Gg          , Gg          , Gg          , Gg          , Gg          , Gg          , Gg          
Aa          , Gg          , Rr          , Rr          , Gg          , Aa          , Aa          , Gg          , Gg          , Gg          , Gg          , Gg          , Gs^Fp       , Gs^Fp       , Gs^Fp       , Gs^Fp       , Gs^Fp       , Gs^Fp       , Gs^Fp       , Rr          , Rr          , Aa          , Rr          , Gg          , Gg          , Gg^Vh       , Hh          , Mm          , Mm          , Mm          , Ha          , Aa          , Aa          , Gg          , Gg          , Gs^Fp       , Gg          , Ch          , Ch          , 1 Kh        , Ch          , Rr          , Aa          , Gg          , Gg          , Gs^Fp       , Gg          , Gg          
Aa          , Aa          , Aa          , Aa          , Gg          , Gg          , Aa          , Aa          , Gg          , Aa          , Aa          , Aa          , Gg          , Ds          , Gs^Fp       , Gg^Ve       , Gs^Fp       , Gs^Fp       , Gg          , Gg          , Gg          , Gg          , Gg          , Rr          , Aa          , Gg          , Hh          , Mm          , Hh          , Hh          , Rr          , Gg          , Aa          , Gg          , Gg          , Gs^Fp       , Gs^Fp       , Ch          , Ch          , Ch          , Rr          , Gg          , Aa          , Rr          , Rr          , Hh          , Hh          , Hh          
Rr          , Aa          , Aa          , Aa          , Aa          , Gg          , Gg          , Gg          , Aa          , Aa          , Aa          , Aa          , Ds          , Ds          , Wo          , Ds          , Gs^Fp       , Gg          , Gg          , Gg          , Gg          , Gg          , Gg          , Gg          , Aa          , Rr          , Hh          , Hh          , Rr          , Rr          , Gs^Fp       , Rr          , Aa          , Rr          , Rr          , Gs^Fp       , Gs^Fp       , Gs^Fp       , Gs^Fp       , Gg          , Rr          , Gg          , Gg          , Gg^Vh       , Rr          , Gg          , Mm          , Gg          
Rr          , Aa          , Aa          , Aa          , Aa          , Gg          , Gg          , Gg          , Aa          , Aa          , Wo          , Wo          , Wo          , Wo          , Wo          , Ds          , Ds          , Gg          , Ds          , Ds          , Gg          , Gs^Fp       , Gs^Fp       , Gg          , Gg          , Rr          , Rr          , Rr          , Gs^Fp       , Gs^Fp       , Gg^Ve       , Gg          , Gg          , Gg          , Gg          , Rr          , Gg          , Gg          , Rr          , Rr          , Gg          , Gg          , Gg          , Gg          , Gg          , Rr          , Rr          , Hh          
Rr          , Aa          , Aa          , Aa          , Gg          , Gg          , Gg          , Gg          , Aa          , Aa          , Wo          , Wo          , Wo          , Wo          , Wo          , Wo          , Wo          , Wo          , Wo          , Ds          , Gg          , Gs^Fp       , Gs^Fp       , Gs^Fp       , Gs^Fp       , Gs^Fp       , Ds          , Ds          , Ss          , Gs^Fp       , Gs^Fp       , Gs^Fp       , Gg          , Gg          , Gg          , Rr          , Rr          , Gg^Vh       , Rr          , Aa          , Aa          , Gg          , Gg          , Gg          , Gg          , Gg          , Gs^Fp       , Rr          
Gg          , Aa          , Aa          , Gg          , Gg^Vh       , Gg          , Aa^Vha      , Aa          , Aa          , Aa          , Aa          , Wo          , Wo          , Wo          , Wo          , Wo          , Wo          , Wo          , Wo          , Ds          , Gg          , Gs^Fp       , Gs^Fp       , Gs^Fp       , Gs^Fp       , Ds          , Wo          , Ds          , Ss          , Ss          , Gg          , Gs^Fp       , Gg          , Gg          , Gg          , Gg          , Aa          , Rr          , Rr          , Gg          , Rr          , Gg          , Ds          , Gg          , Gg          , Gg          , Gg          , Rr          
Gg          , Aa          , Aa          , Gg          , Gg          , Gg          , Aa          , Aa          , Aa          , Aa          , Ds          , Wo          , Wo          , Wo          , Wo          , Wo          , Wo          , Ds          , Wo          , Ds          , Gs^Fp       , Gg          , Gs^Fp       , Gs^Fp       , Gs^Fp       , Ds          , Ds          , Ds          , Gs^Fp       , Gs^Fp       , Gs^Fp       , Gs^Fp       , Gg          , Gg          , Rr          , Aa          , Aa          , Aa          , Ds          , Rr          , Gg          , Rr          , Rr          , Gg          , Gg          , Gg          , Gg          , Gg          
Ds          , Aa          , Aa          , Aa          , Aa          , Aa          , Aa          , Aa          , Aa          , Aa          , Ds          , Wo          , Wo          , Wo          , Wo          , Wo          , Wo          , Wo          , Wo          , Ds          , Gs^Fp       , Gg^Ve       , Gs^Fp       , Ss          , Gs^Fp       , Ds          , Ds          , Ss          , Ss          , Gg^Ve       , Gs^Fp       , Gs^Fp       , Gs^Fp       , Gg          , Rr          , Aa          , Aa          , Wo          , Wo          , Ds          , Gg          , Gg          , Rr          , Gg          , Aa          , Gg          , Gg          , Gg          
Ds          , Gg          , Aa          , Aa          , Aa          , Aa          , Aa          , Aa          , Aa          , Aa          , Aa          , Wo          , Ds          , Ds          , Aa          , Aa          , Aa          , Ds          , Ds          , Gs^Fp       , Gs^Fp       , Gs^Fp       , Gs^Fp       , Gs^Fp       , Gs^Fp       , Ds          , Ds          , Ss          , Ss          , Gg          , Gg          , Gs^Fp       , Gs^Fp       , Gs^Fp       , Rr          , Gg          , Gg          , Ds          , Gg          , Gg          , Gg          , Gg          , Rr          , Gg          , Aa          , Gg          , Gg          , Rr          
Gg          , Gg          , Aa          , Gg          , Gg          , Gg          , Gg          , Gg          , Aa          , Aa          , Aa          , Wo          , Ds          , Gg          , Gg^Vh       , Gg          , Ds          , Ds          , Gg          , Gg          , Gg          , Gg          , Ds          , Ds          , Ds          , Wo          , Ds          , Ss          , Ss          , Ss          , Gg          , Gg          , Rr          , Gs^Fp       , Rr          , Gg          , Gg          , Gs^Fp       , Gs^Fp       , Gg          , Gg          , Gg          , Gg          , Rr          , Rr          , Gg          , Rr          , Rr          
Gg          , Gg          , Gg          , Gg          , Gg          , Gg          , Gg          , Gg          , Aa          , Aa          , Ds          , Ds          , Gg          , Gg          , Gg          , Gg          , Ds          , Ds          , Gg          , Gg          , Gg          , Ds          , Ds          , Wo          , Ds          , Ds          , Gs^Fp       , Gs^Fp       , Gs^Fp       , Gg          , Rr          , Rr          , Gs^Fp       , Rr          , Gs^Fp       , Gs^Fp       , Gs^Fp       , Gs^Fp       , Gs^Fp       , Gs^Fp       , Gg          , Gg          , Gg          , Gg          , Gg^Vh       , Rr          , Gg          , Gg          
Gg          , Gg          , Gg          , Gg          , Gg          , Gg          , Gg          , Gg          , Aa          , Aa          , Gg          , Gg          , Aa          , Aa          , Gg          , Gg          , Ds          , Ds          , Gg          , Gg          , Aa          , Ds          , Wo          , Ds          , Ds          , Gg          , Gs^Fp       , Gs^Fp       , Gs^Fp       , Gs^Fp       , Rr          , Gs^Fp       , Gs^Fp       , Hh          , Gs^Fp       , Gg^Ve       , Gs^Fp       , Gg          , Gs^Fp       , Gs^Fp       , Gg          , Gg          , Gg          , Gg          , Gg          , Gg          , Gg          , Gg          
Gs^Fp       , Gg          , Gg          , Gs^Fp       , Hh          , Hh          , Gg^Vh       , Gg          , Aa          , Aa          , Aa          , Aa          , Aa          , Aa          , Aa          , Aa          , Ds          , Ds          , Ds          , Aa          , Aa          , Ds          , Ds          , Ds          , Gg          , Gg          , Gg          , Gg          , Rr          , Gs^Fp       , Rr          , Gs^Fp       , Gg          , Gs^Fp       , Gs^Fp       , Gs^Fp       , Gs^Fp       , Gs^Fp       , Gg^Ve       , Gs^Fp       , Gs^Fp       , Gg          , Gg          , Gg          , Gs^Fp       , Gg          , Gg          , Gg          
Gs^Fp       , Gs^Fp       , Gs^Fp       , Gs^Fp       , Hh          , Gg          , Gg          , Gg          , Aa          , Aa          , Aa          , Aa          , Aa          , Aa          , Aa          , Wo          , Wo          , Wo          , Wo          , Wo          , Wo          , Wo          , Ds          , Gg          , Gg          , Gg          , Rr          , Rr          , Gg          , Rr          , Gg          , Gg          , Gg          , Gg          , Gs^Fp       , Gs^Fp       , Gs^Fp       , Gs^Fp       , Gs^Fp       , Gs^Fp       , Gg          , Gg          , Gg          , Gg          , Gg          , Gs^Fp       , Gg          , Gs^Fp       
Gs^Fp       , Gg^Ve       , Gs^Fp       , Gg          , Gg          , Gg          , Gg          , Gg          , Aa          , Aa          , Aa          , Aa          , Aa          , Aa          , Aa          , Wo          , Wo          , Wo          , Wo          , Aa          , Wo          , Wo          , Ds          , Gg          , Gg          , Gg          , Rr          , Aa          , Gg          , Gg          , Gg          , Aa          , Ha          , Hh          , Hh          , Gg          , Gg          , Gg          , Gg          , Gg          , Gg          , Gg          , Gg          , Gg          , Ds          , Gg          , Gg          , Gs^Fp       
Gs^Fp       , Gs^Fp       , Gs^Fp       , Gg          , Gg          , Gg          , Gg          , Gg          , Gg          , Gg          , Aa          , Aa          , Aa          , Aa          , Aa          , Aa          , Aa          , Aa          , Aa          , Aa          , Aa          , Aa          , Gg^Vh       , Gg          , Gg          , Gg          , Aa          , Aa          , Aa          , Aa          , Aa          , Ai          , Ai          , Ai          , Ai          , Mm          , Ha          , Hh          , Gg          , Gg          , Gg          , Gg          , Gg          , Gg          , Ds          , Ds          , Gg          , Gs^Fp       
Ss          , Ss          , Gs^Fp       , Gs^Fp       , Gs^Fp       , Gs^Fp       , Gs^Fp       , Gs^Fp       , Gg          , Gg          , Gg          , Aa          , Aa          , Aa          , Aa          , Aa          , Aa          , Aa          , Aa          , Aa          , Aa          , Ds          , Gg          , Gs^Fp       , Gg          , Gg          , Gg          , Aa          , Aa          , Aa          , Aa          , Aa          , Ai          , Ai          , Ai          , Ai          , Mm          , Ha          , Aa          , Gg          , Gg          , Gg          , Gg          , Gg          , Ds          , Ds          , Gs^Fp       , Gg          
Ss          , Ss          , Gs^Fp       , Gs^Fp       , Ss          , Ss          , Gs^Fp       , Gs^Fp       , Hh          , Hh          , Hh          , Gg          , Gg          , Aa          , Aa          , Aa          , Gg          , Aa          , Aa          , Aa          , Aa          , Gg          , Gs^Fp       , Gs^Fp       , Gs^Fp       , Gg^Vh       , Rr          , Rr          , Aa          , Aa          , Aa          , Ha          , Mm          , Ww          , Ww          , Ww          , Ww          , Hh          , Aa          , Gg          , Gg          , Gg          , Gg          , Ds          , Wo          , Gg          , Gg^Vh       , Gg          
Gs^Fp       , Gs^Fp       , Ds          , Ds          , Ds          , Ss          , Gg          , Hh          , Mm          , Hh          , Hh          , Gg          , Gg          , Gg          , Aa          , Gg^Vh       , Hh          , Hh          , Aa          , Aa          , Aa          , Gg          , Gg          , Gs^Fp       , Gs^Fp       , Rr          , Gg          , Aa          , Aa          , Aa          , Aa          , Ai          , Ai          , Ww          , Ww          , Ww          , Ww          , Ww          , Gg          , Gg          , Aa          , Gg          , Gs^Fp       , Wo          , Wo          , Gg          , Gg          , Aa          
Gg          , Ds          , Wo          , Wo          , Wo          , Gg          , Gg          , Hh          , Mm          , Hh          , Gs^Fp       , Gg          , Gg          , Gg          , Hh          , Hh          , Mm          , Mm          , Mm          , Ha          , Aa          , Gg          , Gg^Vh       , Gg          , Rr          , Rr          , Gg          , Gg          , Aa          , Aa          , Aa          , Aa          , Ai          , Ww          , Hh          , Gg^Vh       , Gg          , Ww          , Gg          , Gg          , Aa          , Gg          , Ds          , Wo          , Wo          , Gs^Fp       , Gg          , Gg          
Gg          , Ds          , Ds          , Ds          , Ds          , Gg          , Gg          , Gg          , Hh          , Gs^Fp       , Gg^Ve       , Gs^Fp       , Gg          , Hh          , Mm          , Mm          , Mm          , Mm          , Mm          , Mm          , Aa          , Gg          , Rr          , Rr          , Gg          , Ds          , Ds          , Gg          , Gg          , Aa          , Aa          , Aa          , Aa          , Aa          , Gg          , Gg          , Gs^Fp       , Ww          , Gg^Vh       , Gg          , Ww          , Ww          , Ww          , Wo          , Wo          , Ds          , Gg          , Gg          
Aa          , Ds          , Ds          , Ss          , Ss          , Ss          , Gg          , Gg          , Gs^Fp       , Gs^Fp       , Gs^Fp       , Gs^Fp       , Gs^Fp       , Hh          , Mm          , Mm          , Mm          , Mm          , Mm          , Hh          , Hh          , Rr          , Gg          , Gg          , Ds          , Wo          , Wo          , Ds          , Gg          , Gg          , Gg          , Gg          , Aa          , Aa          , Aa          , Gg          , Gg          , Ww          , Ww          , Ww          , Ww          , Gg          , Ww          , Ds          , Wo          , Gs^Fp       , Gg          , Gg          
Aa          , Wo          , Ds          , Gs^Fp       , Ss          , Ss          , Ss          , Ss          , Gs^Fp       , Gs^Fp       , Gg          , Gg          , Gg^Vh       , Hh          , Mm          , Mm          , Mm          , Mm          , Hh          , Hh          , Hh          , Rr          , Aa          , Gg          , Ds          , Wo          , Wo          , Aa          , Aa          , Gg          , Gg^Vh       , Gg          , Aa          , Aa          , Aa          , Aa          , Aa          , Gg          , Gg          , Gg          , Gg          , Gg          , Gg          , Ww          , Ww          , Gg          , Gg          , Gg          
Wo          , Wo          , Ds          , Gg^Vh       , Gs^Fp       , Gs^Fp       , Ds          , Wo          , Ds          , Gg          , Gg          , Gg          , Gg          , Mm          , Mm          , Hh          , Mm          , Mm          , Hh          , Hh          , Rr          , Rr          , Aa          , Gg          , Ds          , Wo          , Wo          , Ds          , Gg          , Gg          , Gg          , Gg          , Gg          , Aa          , Gg          , Gg          , Gg          , Gg          , Gg          , Gg          , Gg          , Gg          , Gg          , Gg          , Aa          , Gg^Vh       , Gg          , Gg          
Wo          , Wo          , Aa          , Ds          , Ds          , Ds          , Ds          , Ds          , Ds          , Gg          , Gg          , Gg          , Gg          , Hh          , Hh          , Gg          , Gg          , Hh          , Hh          , Hh          , Rr          , Gg          , Gg          , Gg          , Gg          , Ds          , Wo          , Wo          , Ds          , Aa          , Aa          , Aa          , Gg          , Gg^Vh       , Gg          , Gg          , Gg          , Gg          , Gg          , Gs^Fp       , Gg          , Gg          , Gg          , Gg          , Aa          , Aa          , Gg          , Gg          
Wo          , Wo          , Wo          , Wo          , Wo          , Wo          , Ds          , Ds          , Gs^Fp       , Gs^Fp       , Gg          , Gg          , Gg          , Gg          , Gg          , Gg          , Gg          , Gg          , Rr          , Rr          , Hh          , Gg          , Aa          , Gg          , Gg          , Gg          , Gs^Fp       , Ds          , Wo          , Aa          , Aa          , Aa          , Gg          , Gg          , Ds          , Gg          , Gg          , Gg          , Gs^Fp       , Gs^Fp       , Gs^Fp       , Gg          , Gg          , Gg          , Aa          , Gg          , Gg          , Gs^Fp       
Wo          , Wo          , Wo          , Wo          , Wo          , Wo          , Ds          , Gg          , Gs^Fp       , Gs^Fp       , Gs^Fp       , Gg          , Gg          , Aa          , Gg          , Gg          , Rr          , Rr          , Gg          , Gg          , Gg          , Aa          , Aa          , Aa          , Gg          , Gg          , Gg          , Gg          , Ds          , Wo          , Wo          , Wo          , Wo          , Ds          , Wo          , Ds          , Gg          , Gg          , Gs^Fp       , Gg^Ve       , Gs^Fp       , Gs^Fp       , Gg          , Gg          , Aa          , Gg          , Gg          , Gs^Fp       
Wo          , Wo          , Wo          , Wo          , Ds          , Ds          , Gs^Fp       , Gs^Fp       , Gs^Fp       , Ss          , Gg^Ve       , Gs^Fp       , Gg          , Aa          , Gg          , Gg          , Rr          , Aa          , Aa          , Gg          , Aa          , Ha          , Ha          , Ha          , Ha          , Gg          , Gg          , Gg          , Gs^Fp       , Gs^Fp       , Ds          , Gs^Fp       , Ss          , Ds          , Ds          , Gs^Fp       , Gg          , Gg          , Gg          , Gs^Fp       , Gs^Fp       , Gs^Fp       , Gs^Fp       , Gg          , Aa          , Gg          , Ds          , Gs^Fp       
Ds          , Wo          , Wo          , Aa          , Aa          , Gg          , Gs^Fp       , Gs^Fp       , Gg          , Gg          , Gs^Fp       , Gs^Fp       , Gg          , Gg          , Gg          , Rr          , Gg          , Gg          , Aa          , Aa          , Aa          , Ha          , Mm          , Mm          , Mm          , Mm          , Hh          , Gg          , Gs^Fp       , Ss          , Ss          , Ss          , Ss          , Ss          , Gs^Fp       , Gg          , Gg          , Gg          , Gg          , Gg          , Gs^Fp       , Gs^Fp       , Gs^Fp       , Gg          , Gg          , Aa          , Ds          , Ds          
Ds          , Wo          , Ds          , Gg          , Gg^Vh       , Gg          , Gs^Fp       , Gs^Fp       , Gg          , Gg          , Gs^Fp       , Gg          , Gg          , Gg          , Gg          , Rr          , Gg          , Gg          , Gg          , Aa          , Aa          , Mm          , Mm          , Mm          , Mm          , Mm          , Hh          , Gg          , Gg^Ve       , Gs^Fp       , Ss          , Gg          , Gg          , Gs^Fp       , Gs^Fp       , Gg          , Aa          , Gg          , Gg          , Gg          , Gs^Fp       , Gs^Fp       , Gs^Fp       , Gs^Fp       , Gs^Fp       , Gg          , Wo          , Ds          
Ds          , Wo          , Ds          , Gg          , Gg          , Gg          , Gs^Fp       , Gs^Fp       , Gg          , Gg          , Gs^Fp       , Gg          , Gg          , Gg          , Rr          , Rr          , Gg          , Gg          , Gg          , Aa          , Ha          , Mm          , Mm          , Mm          , Mm          , Mm          , Mm          , Hh          , Gg          , Gs^Fp       , Gs^Fp       , Gs^Fp       , Gg^Ve       , Gs^Fp       , Gg          , Gg          , Aa          , Gg          , Gg          , Gg          , Gg          , Gg          , Gs^Fp       , Gs^Fp       , Gg^Ve       , Gs^Fp       , Gs^Fp       , Ds          
Ds          , Wo          , Gg          , Gg          , Gg          , Gg          , Gs^Fp       , Gs^Fp       , Gs^Fp       , Gs^Fp       , Gs^Fp       , Gg          , Rr          , Rr          , Gg          , Gs^Fp       , Gg^Ve       , Gg          , Gg          , Gg          , Ha          , Mm^Vhh      , Mm          , Mm          , Mm          , Mm          , Mm          , Mm          , Gg          , Gg          , Gs^Fp       , Gs^Fp       , Gs^Fp       , Gs^Fp       , Gg          , Gg          , Aa          , Gg          , Gg          , Gg          , Gg          , Gg          , Gg^Ve       , Gs^Fp       , Gs^Fp       , Gs^Fp       , Gs^Fp       , Gs^Fp       
Aa          , Wo          , Gg          , Gg          , Gg          , Gg          , Gg          , Gg          , Gg          , Gg          , Rr          , Rr          , Gg          , Gg          , Gg          , Gs^Fp       , Gs^Fp       , Gs^Fp       , Gg          , Gg          , Hh          , Hh          , Mm          , Mm          , Mm          , Mm          , Mm          , Mm          , Hh          , Gg          , Gg          , Gg          , Gg          , Gg          , Gg          , Aa          , Aa          , Gg          , Gg          , Gg          , Gs^Fp       , Gs^Fp       , Gs^Fp       , Gs^Fp       , Gs^Fp       , Gs^Fp       , Gg          , Gg          
Gg          , Ds          , Gg          , Ch          , Ch          , Ch          , Rr          , Gg          , Hh          , Rr          , Gg          , Gg          , Gg          , Gg          , Gg          , Gg          , Gg          , Gs^Fp       , Gg          , Gg^Vh       , Gg          , Gg          , Hh          , Mm          , Mm          , Mm          , Mm          , Mm          , Hh          , Gg          , Gg          , Aa          , Aa          , Aa          , Aa          , Aa          , Aa          , Aa          , Gg          , Gg          , Gs^Fp       , Gg          , Gg          , Gg          , Gs^Fp       , Gg          , Gg          , Gg          
Gg          , Gg          , Ch          , Ch          , 2 Kh        , Ch          , Aa          , Rr          , Rr          , Rr          , Gg          , Gg          , Gg          , Ds          , Gg          , Gg          , Gg          , Gg          , Gg          , Gg          , Gg          , Gg          , Hh          , Hh          , Hh          , Mm          , Mm          , Mm          , Mm          , Gg          , Gg          , Gg          , Aa          , Aa          , Aa          , Aa          , Aa          , Aa          , Gg          , Gg          , Gg          , Gg          , Hh          , Gg          , Gg          , Aa          , Aa          , Gg          
Gg          , Gg          , Ch          , Ch          , Ch          , Gg          , Aa          , Aa          , Gg          , Gg^Vh       , Gg          , Gg          , Gg          , Aa          , Aa          , Aa          , Aa          , Ds          , Gg          , Gg          , Gg          , Gg          , Gg          , Gg          , Gg          , Mm          , Mm          , Mm          , Hh          , Gg          , Gg          , Gg          , Aa          , Aa          , Aa          , Aa          , Aa          , Gg          , Gg          , Gg          , Gg          , Gg          , Gg          , Hh          , Aa          , Aa          , Aa          , Aa          
Gg          , Gg          , Gg          , Gg          , Gg          , Aa          , Aa          , Gg          , Gg          , Gg          , Gg          , Gg          , Gg^Vh       , Ds          , Aa          , Aa          , Aa          , Aa          , Aa          , Gg          , Gg          , Gg          , Gs^Fp       , Gg          , Gg          , Gg          , Ha          , Hh          , Hh          , Gg          , Gg          , Gg          , Aa          , Gg          , Ds          , Wo          , Wo          , Ds          , Gg          , Aa          , Aa          , Gg          , Gg          , Gg          , Gg          , Gg          , Gg          , Gg          
Gg          , Gg^Vh       , Gg          , Gg          , Gg          , Aa          , Aa          , Aa          , Gg          , Gg          , Gg          , Gg          , Gg          , Ds          , Wo          , Wo          , Wo          , Wo          , Wo          , Aa          , Gg          , Gg          , Gg          , Gg          , Gg          , Gg^Vh       , Gg          , Gg          , Aa          , Aa          , Aa          , Aa          , Gg          , Gg          , Gg          , Ds          , Ds          , Gg          , Ds          , Aa          , Aa          , Aa          , Gg          , Gg          , Gg          , Gg          , Gg          , Ha          
Hh          , Hh          , Gg          , Gg          , Gg          , Gg          , Aa          , Aa          , Gg          , Gg          , Gg          , Gg          , Ds          , Wo          , Wo          , Wo          , Wo          , Wo          , Wo          , Ds          , Gg          , Gg          , Gg          , Gg          , Gg          , Gg          , Gg          , Gg          , Gg          , Aa          , Gg          , Gg          , Gg          , Gg          , Gg          , Gg          , Gg          , Ds          , Ds          , Aa          , Aa          , Aa          , Gg          , Gg          , Gg          , Gg          , Gg          , Aa          
Ha          , Ha          , Gg          , Gg          , Gg          , Gg          , Aa          , Aa          , Gg          , Gg          , Gg          , Ds          , Wo          , Wo          , Wo          , Wo          , Wo          , Wo          , Wo          , Ds          , Ds          , Gg          , Aa          , Gg          , Gg          , Gs^Fp       , Gg          , Gg          , Gg          , Gg          , Gg          , Gg          , Gg^Ve       , Gs^Fp       , Gg          , Gg          , Gs^Fp       , Gg          , Ds          , Gg          , Aa          , Gg          , Gg          , Gg          , Gg          , Gg          , Gg          , Aa          
Ha          , Ha          , Aa          , Gg          , Gg          , Gg          , Aa          , Aa          , Gg          , Gg          , Gg          , Ds          , Wo          , Wo          , Wo          , Aa          , Aa          , Ds          , Ds          , Gg          , Gg          , Aa          , Aa          , Gg          , Gg          , Gg          , Gg          , Gg          , Gg          , Gg          , Gg          , Gg          , Gs^Fp       , Gs^Fp       , Gg          , Gg          , Gg          , Gg          , Gg          , Gg          , Gg          , Gg          , Gs^Fp       , Gs^Fp       , Gs^Fp       , Gs^Fp       , Gg          , Aa          
Aa          , Aa          , Gg          , Gg          , Gg          , Ds          , Gg          , Aa          , Aa          , Gg          , Gg          , Ds          , Wo          , Wo          , Gg          , Gg          , Gg          , Gg          , Gg          , Gg          , Gg          , Aa          , Aa          , Gg          , Gg          , Gg          , Gg          , Gg          , Gg          , Gg          , Gs^Fp       , Gg          , Gg          , Gg          , Gs^Fp       , Gg          , Gs^Fp       , Gg          , Gg          , Gg^Vh       , Gg          , Gg          , Gs^Fp       , Gg^Ve       , Gs^Fp       , Gs^Fp       , Gg          , Gg          
Aa          , Aa          , Gg          , Gg          , Ds          , Ds          , Gg          , Gg          , Gg          , Gg          , Gs^Fp       , Gs^Fp       , Ds          , Gg          , Gs^Fp       , Gg          , Gg          , Gs^Fp       , Gs^Fp       , Gg          , Gg          , Aa          , Aa          , Aa          , Gg          , Ds          , Gg          , Gg          , Gs^Fp       , Gs^Fp       , Gs^Fp       , Gs^Fp       , Gs^Fp       , Gg          , Gg          , Gg          , Gg          , Gg          , Gg          , Gg          , Gg          , Gg          , Gs^Fp       , Gg          , Gs^Fp       , Gs^Fp       , Gs^Fp       , Gg          
