border_size=1
usage=map

Gs^Ft       , Gs^Ft       , Re          , Re          , Dd          , Dd          , Ww          , Dd          , Gs          , Gs          , Dd          , Dd          , Gs          , Gs          , Dd          , Dd          , Gs^Ft       , Gs          , Gs^Ft       , Dd          , Dd          , Gs          , Gs          , Gs          , Dd          , Dd          , Dd          , Hd          
Re          , Re          , Gs          , Gs          , Dd          , Dd          , Ww          , Ww          , Gg^Vh       , Gs^Ft       , Dd          , Gs          , Gs          , Gs          , Gs          , Dd          , Dd          , Dd          , Dd          , Dd          , Dd          , Dd          , Dd          , Dd          , Dd          , Dd          , Dd^Vda      , Dd          
Re          , Gs          , Gs          , Gs          , Gs          , Gs^Ft       , Dd          , Ww          , Dd          , Gs          , Dd          , Hd          , Hd          , Hd          , Hd          , Hd          , Hd          , Hd          , Dd          , Dd^Vda      , Dd          , Dd^Vda      , Dd          , Dd          , Dd          , Dd          , Dd          , Dd          
Rd          , Dd          , Gs          , Ch          , Ch          , Ch          , Ww          , Ww          , Dd          , Gs^Ft       , Dd          , Dd          , Hd          , Md          , Md          , Md          , Md          , Md          , Hd          , Hd          , Dd          , Dd          , Dd          , Dd          , Dd          , Dd          , Dd          , Dd          
Dd          , Dd          , Dd          , Ch          , 1 Kh        , Ch          , Dd^Vda      , Ww          , Dd          , Gs^Ft       , Dd          , Hd          , Md          , Md          , Md          , Md          , Md          , Md          , Md          , Hd          , Dd          , Dd          , Dd          , Dd          , Dd          , Dd          , Dd          , Dd          
Dd          , Dd          , Dd          , Dd          , Rd          , Dd          , Dd          , Ww          , Dd          , Dd          , Dd          , Hd          , Md          , Md          , Md          , Md          , Md          , Md          , Md          , Hd          , Dd          , Dd          , Dd          , Dd          , Dd          , Dd          , Dd          , Dd          
Dd          , Dd          , Dd          , Rd          , Dd          , Dd          , Gs^Ft       , Ww          , Dd          , Dd          , Dd          , Hd          , Md          , Md          , Md          , Md          , Md          , Md          , Md          , Hd          , Gs          , Gs          , Gs          , Gs          , Dd          , Dd^Vda      , Dd          , Dd          
Gs^Ft       , Dd          , Dd          , Rd          , Dd          , Dd          , Gs^Ft       , Dd          , Gs^Ft       , Dd          , Hd          , Md          , Md          , Md          , Md          , Md          , Md          , Md          , Md          , Hd          , Gs          , Gs          , Gs          , Gs          , Gs          , Dd          , Dd          , Dd          
Gs^Ft       , Dd          , Dd          , Rd          , Dd          , Gs^Ft       , Gs^Ft       , Gs^Ft       , Gs^Ft       , Hd          , Dd^Vdt      , Md          , Md          , Md          , Md          , Md          , Md          , Md          , Hd          , Hd          , Gs          , Gs          , Gs          , Gs          , Dd          , Dd          , Dd          , Rd          
Dd          , Dd          , Dd          , Rd          , Dd          , Dd          , Dd^Vda      , Hd          , Hd          , Hd          , Md          , Md          , Md          , Md          , Md          , Md          , Md          , Md          , Dd^Vdt      , Hd          , Hd          , Gs          , Dd          , Dd          , Dd          , Dd          , Gs^Ft       , Rd          
Hd          , Dd          , Rd          , Rd          , Hd          , Hd          , Hd          , Md          , Md          , Md          , Md          , Md          , Md          , Md          , Md          , Md          , Md          , Md          , Hd          , Hd          , Hd          , Hd          , Hd          , Dd          , Dd          , Dd          , Gs^Ft       , Rd          
Rd          , Hd          , Rd          , Hd          , Md          , Md          , Md          , Md          , Md          , Md          , Md          , Md          , Md          , Md          , Md          , Md          , Md          , Md          , Hd          , Hd          , Dd          , Hd          , Dd          , Dd          , Rd          , Rd          , Rd          , Rd          
Md          , Rd          , Rd          , Md          , Md          , Md          , Md          , Md          , Md          , Md          , Md          , Md          , Md          , Md          , Md          , Md          , Md          , Md          , Hd          , Hd          , Hd          , Dd          , Rd          , Rd          , Dd          , Dd          , Dd          , Dd          
Rd          , Rd          , Rd          , Md          , Md          , Md          , Md          , Md          , Md          , Md          , Md          , Md          , Md          , Md          , Md          , Md          , Md          , Md          , Md          , Hd          , Rd          , Rd          , Dd          , Dd^Vda      , Dd          , Dd          , Dd          , Dd          
Rd          , Rd          , Rd          , Md          , Md          , Md          , Md          , Md          , Md          , Md          , Md          , Md          , Md          , Md          , Md          , Hd          , Hd          , Md          , Md          , Rd          , Hd          , Gs^Ft       , Dd          , Dd          , Dd          , Dd          , Dd          , Gs          
Rd          , Dd^Vdt      , Rd          , Md          , Md          , Md          , Md          , Md          , Md          , Md          , Md          , Md          , Md          , Hd          , Hd          , Hd          , Hd          , Md          , Rd          , Rd          , Hd          , Hd          , Hd          , Gs^Ft       , Dd          , Dd          , Dd          , Gs          
Hd          , Hd          , Hd          , Rd          , Hd          , Hd          , Hd          , Hd          , Md          , Md          , Md          , Md          , Hd          , Hd          , Dd          , Dd          , Hd          , Hd          , Rd          , Hd          , Hd          , Hd          , Hd          , Gs^Ft       , Dd          , Dd          , Dd          , Dd          
Gs^Ft       , Hd          , Hd          , Rd          , Re          , Gs          , Gs          , Dd          , Dd          , Dd          , Dd          , Hd          , Dd          , Dd          , Dd^Vda      , Dd          , Rd          , Re          , Gs^Ft       , Dd          , Dd          , Hd          , Hd          , Hd          , Dd          , Dd          , Dd          , Dd          
Re          , Gs^Ft       , Gs^Ft       , Gs          , Gs          , Re          , Rd          , Gs^Ft       , Gs^Ft       , Dd          , Dd          , Gs^Ft       , Gs^Ft       , Dd          , Dd          , Dd          , Rd          , Dd          , Dd          , Dd          , Dd          , Dd          , Dd          , Hd          , Dd          , Gs^Ft       , Dd          , Dd          
Gs          , Re          , Re          , Gs          , Gg^Vh       , Gs          , Dd          , Rd          , Rd          , Rd          , Re          , Gs          , Gs          , Gs          , Gs          , Gs          , Re          , Dd          , Dd          , Dd          , Dd          , Dd          , Dd          , Dd          , Dd          , Gs          , Gs          , Gs          
Gs^Ft       , Gs^Ft       , Re          , Ww          , Ww          , Ww          , Ww          , Ww          , Ww          , Ww          , Rd          , Re          , Re          , Re          , Re          , Re          , Gs          , Gs^Ft       , Dd          , Dd          , Dd          , Ch          , Ch          , Ch          , Gs^Ft       , Gs          , Gs          , Gs          
Dd          , Gs^Ft       , Re          , Ww          , Ww          , Ww          , Ww          , Ww          , Dd          , Rd          , Gs^Ft       , Gs^Ft       , Gs^Ft       , Gs^Ft       , Gs^Ft       , Rd          , Re          , Gs          , Gs^Ft       , Dd          , Dd          , Ch          , 2 Kh        , Ch          , Gs          , Gs          , Gs          , Gs          
Gs^Ft       , Gs^Ft       , Re          , Dd          , Ww          , Dd          , Rd          , Gs^Ft       , Rd          , Re          , Gs^Ft       , Dd          , Dd          , Dd          , Dd          , Dd          , Gs^Ft       , Re          , Re          , Re          , Re          , Re          , Gs          , Gs          , Gs          , Gs          , Gs          , Gs          
Gs^Ft       , Dd          , Dd          , Rd          , Re          , Re          , Rd          , Re          , Re          , Gs          , Gs          , Gs^Ft       , Dd          , Dd^Vda      , Dd          , Dd          , Gs^Ft       , Gs          , Gs          , Gs          , Gg^Vh       , Gs          , Gs          , Gs          , Gs          , Gs          , Gs          , Gs          
Hd          , Hd          , Rd          , Rd          , Dd^Vda      , Rd          , Gs          , Gs          , Gs          , Re          , Re          , Dd          , Dd          , Dd          , Dd          , Dd          , Dd          , Gs          , Gs          , Dd          , Ww          , Ww          , Dd          , Gs          , Gs^Ft       , Gs^Ft       , Gs          , Gs          
Rd          , Rd          , Hd          , Dd          , Dd          , Gs^Ft       , Gs          , Gs          , Gs          , Gs          , Re          , Gs^Ft       , Dd          , Dd          , Dd          , Dd          , Dd          , Gs^Ft       , Dd          , Ww          , Ww          , Ww          , Dd          , Gs^Ft       , Gs^Ft       , Gs^Ft       , Gs^Ft       , Gs          
Hd          , Hd          , Hd          , Hd          , Dd          , Gs^Ft       , Gs          , Gs          , Gs          , Gs          , Gs          , Rd          , Rd          , Dd          , Dd          , Ww          , Ww          , Dd          , Ww          , Ww          , Ww          , Gs          , Dd          , Dd          , Gs^Ft       , Gs^Ft       , Dd          , Gs          
