border_size=1
usage=map

Gd          , Gd          , Gd          , Aa^Fpa      , Gd          , Aa          , Aa          , Aa          , Ai          , Ai          , Ai          , Ai          , Ww          , Ai          , Ai          , Ai          , Ai          , Gd          , Aa^Fpa      , Aa^Fpa      , Aa^Fpa      , Aa^Fpa      , Ww          , Ai          , Ai          , Aa          , Aa          , Aa          , Aa          , Gd          , Aa^Fpa      , Gd          , Gd          , Re          , Aa^Fpa      , Aa^Fpa      , Aa^Fpa      , Gd          , Gd          , Gll^Fp      , Aa^Fpa      , Re          
Gd          , Gd          , Gll^Fp      , Aa^Fpa      , Gd          , Aa          , Aa          , Aa          , Ai          , Ai          , Ai          , Ww          , Ww          , Ww          , Ai          , Ai          , Ai          , Gd^Vh       , Gd          , Aa^Fpa      , Aa^Fpa      , Ww          , Ww          , Ai          , Aa          , Aa          , Aa          , Aa          , Aa          , Gd          , Gd          , Aa          , Aa          , Re          , Gd          , Aa^Fpa      , Gll^Fp      , Gll^Fp      , Gd          , Gll^Fp      , Aa^Fpa      , Re          
Hhd         , Aa^Fpa      , Aa^Vha      , Aa^Fpa      , Gd          , Aa          , Aa^Vha      , Aa          , Aa          , Ai          , Ai          , Ww          , Ww          , Ww          , Ai          , Ai          , Gd          , Ww          , Ww          , Aa^Fpa      , Gd^Vh       , Ww          , Ww          , Gd          , Aa          , Aa^Vha      , Aa          , Aa          , Aa          , Gd          , Gd          , Gd          , Aa          , Re          , Gd          , Ch          , Aa^Fpa      , Gll^Fp      , Aa^Fpa      , Aa^Vha      , Aa^Fpa      , Gd          
Hhd         , Gd          , Gd          , Gd          , Aa          , Aa          , Aa          , Aa          , Aa          , Aa          , Ai          , Ww          , Ww          , Ww          , Ai          , Ai          , Gd          , Ww          , Aa^Fpa      , Ww          , Ww          , Ww          , Aa^Fpa      , Gd          , Aa          , Aa          , Aa          , Aa          , Aa          , Gd          , Aa^Fpa      , Gd          , Aa          , Re          , Ch          , Ch          , Ch          , Ch          , Re          , Re          , Re          , Gd          
Gd          , Aa          , Aa          , Aa          , Aa          , Aa          , Aa          , Aa          , Gd          , Aa          , Ha          , Ms          , Ai          , Ai          , Ww          , Ha          , Aa^Fpa      , Aa^Fpa      , Gll^Fp      , Aa^Fpa      , Aa^Fpa      , Ww          , Aa^Fpa      , Gd          , Gd          , Aa          , Gd          , Aa          , Aa          , Gd          , Aa^Fpa      , Aa^Fpa      , Gd          , Aa          , Ch          , Ch          , 2 Kh        , Ch          , Gd          , Aa          , Aa          , Re          
Aa          , Aa          , Aa          , Aa          , Aa          , Aa          , Aa          , Gd          , Gd          , Gd          , Ha          , Ms          , Ms          , Ms          , Ai          , Hhd         , Aa^Fpa      , Gll^Fp      , Gll^Fp      , Aa^Fpa      , Aa^Fpa      , Gd          , Gd          , Gd          , Gd          , Gd          , Ha          , Gd          , Gd          , Gd          , Gd          , Aa^Fpa      , Re          , Re          , Ch          , Ch          , Ch          , Gd          , Gd          , Aa          , Aa          , Aa          
Aa          , Aa          , Aa          , Aa          , Aa          , Aa          , Aa          , Aa          , Aa          , Aa          , Ha          , Ms          , Ms          , Ms          , Ha          , Mm          , Gll^Fp      , Gll^Fp      , Gll^Fp      , Aa^Fpa      , Aa^Fpa      , Gd          , Aa          , Gd          , Gd          , Gd          , Aa          , Ha          , Gd          , Aa          , Gd          , Re          , Gd^Vh       , Aa          , Aa          , Gd          , Gd          , Gd          , Gd          , Gd          , Aa          , Gd          
Aa          , Aa^Vha      , Aa          , Aa          , Aa          , Aa          , Aa^Vha      , Aa          , Aa          , Ha          , Ha          , Ha          , Ha^Vhha     , Ha          , Ha          , Hhd         , Hhd         , Gd          , Gd          , Gll^Fp      , Gll^Fp      , Aa^Fpa      , Gd          , Gd          , Gd          , Gd          , Aa          , Aa          , Ha          , Aa          , Re          , Re          , Gd          , Aa          , Gd          , Aa^Fpa      , Aa^Fpa      , Aa^Fpa      , Aa^Vha      , Aa^Fpa      , Gd          , Gd          
Gd          , Gd          , Aa          , Aa          , Aa          , Aa          , Aa          , Aa          , Aa          , Gd          , Ha          , Ha          , Ha          , Ha          , Ha          , Aa^Fpa      , Gll^Fp      , Gd          , Gd          , Gd          , Aa^Fpa      , Gd          , Gd          , Gd          , Gd          , Gd          , Aa          , Aa          , Re          , Re          , Gd          , Gd          , Gd          , Gd          , Aa^Fpa      , Aa^Fpa      , Gll^Fp      , Gll^Fp      , Aa^Fpa      , Aa^Fpa      , Gd          , Aa          
Aa^Fpa      , Gd          , Aa          , Aa          , Gd          , Gd          , Gd          , Aa          , Gd          , Aa^Fpa      , Aa^Fpa      , Aa          , Aa          , Aa          , Aa          , Gd          , Aa^Fpa      , Gd          , Gd          , Gd          , Aa^Fpa      , Gd          , Aa          , Gd          , Gd          , Gd^Vh       , Re          , Re          , Aa          , Gd          , Gd          , Aa^Fpa      , Aa^Fpa      , Aa^Fpa      , Gll^Fp      , Gll^Fp      , Gd          , Gd          , Gll^Fp      , Hhd         , Gd          , Aa          
Aa^Fpa      , Aa^Fpa      , Gd          , Aa          , Gd          , Gd          , Aa^Fpa      , Gd          , Gd          , Gd          , Gd          , Aa          , Aa          , Aa          , Aa          , Aa          , Aa^Fpa      , Gll^Fp      , Gd          , Gll^Fp      , Aa^Fpa      , Gd          , Aa          , Aa          , Gd          , Re          , Aa          , Aa          , Aa          , Gd          , Aa^Fpa      , Aa^Fpa      , Aa^Fpa      , Aa^Fpa      , Gll^Fp      , Gd          , Gd          , Hhd         , Hhd         , Hhd         , Ha          , Aa          
Aa^Fpa      , Aa^Fpa      , Gd          , Gd          , Gd          , Aa^Fpa      , Aa^Fpa      , Aa^Fpa      , Gd          , Aa          , Aa          , Aa          , Aa          , Aa          , Aa          , Gd          , Aa^Fpa      , Aa^Fpa      , Aa^Fpa      , Aa^Vha      , Aa^Fpa      , Aa          , Aa          , Aa          , Aa          , Re          , Aa          , Aa          , Gd          , Gd          , Aa^Fpa      , Aa^Fpa      , Aa^Fpa      , Aa^Fpa      , Gll^Fp      , Gd          , Hhd         , Hhd         , Hhd         , Hhd         , Gd          , Re          
Aa^Fpa      , Aa^Fpa      , Gd          , Gd          , Aa^Fpa      , Aa^Fpa      , Aa^Fpa      , Aa^Fpa      , Gd          , Gd          , Aa          , Aa          , Aa          , Aa          , Aa          , Aa          , Aa          , Aa          , Aa          , Aa          , Aa          , Aa          , Re          , Gd          , Re          , Re          , Aa          , Aa          , Gd          , Gd          , Aa^Fpa      , Aa^Fpa      , Aa^Fpa      , Aa^Fpa      , Aa^Fpa      , Gll^Fp      , Hhd         , Hhd         , Hhd         , Aa^Fpa      , Aa^Fpa      , Aa^Fpa      
Aa^Fpa      , Aa^Fpa      , Gd          , Aa^Fpa      , Aa^Fpa      , Gll^Fp      , Aa^Fpa      , Aa^Fpa      , Gd          , Gd          , Gd          , Aa          , Aa          , Aa          , Gd          , Aa          , Aa          , Aa          , Aa          , Aa          , Re          , Re          , Aa          , Re          , Aa^Fpa      , Gd          , Gd          , Aa          , Gd          , Aa          , Gd          , Gd          , Aa^Fpa      , Aa^Vha      , Aa^Fpa      , Hhd         , Hhd         , Hhd         , Hhd         , Gll^Fp      , Gll^Fp      , Aa^Fpa      
Gd          , Aa^Fpa      , Aa^Fpa      , Aa^Vha      , Aa^Fpa      , Aa^Fpa      , Aa^Fpa      , Gd          , Gd          , Gd          , Aa          , Aa          , Aa          , Gd          , Gd^Vh       , Gd          , Aa          , Aa          , Aa          , Re          , Aa          , Aa          , Gd          , Aa^Fpa      , Aa^Vha      , Aa^Fpa      , Gd          , Aa          , Aa          , Aa          , Aa          , Aa          , Ha          , Ha          , Ha          , Gd          , Ha          , Gd          , Aa^Fpa      , Aa^Fpa      , Gll^Fp      , Gll^Fp      
Aa          , Gd          , Aa^Fpa      , Aa^Fpa      , Gd          , Aa^Fpa      , Gd          , Gd          , Ww          , Ww          , Aa          , Ha          , Ha          , Gd          , Aa          , Aa          , Gd          , Aa          , Aa          , Re          , Aa          , Gd          , Aa^Fpa      , Aa^Fpa      , Gll^Fp      , Aa^Fpa      , Gd          , Aa          , Aa          , Aa          , Aa          , Aa          , Aa          , Ha          , Ha          , Ha          , Gd          , Gd          , Aa^Fpa      , Aa^Vha      , Aa^Fpa      , Gll^Fp      
Aa          , Gd          , Aa^Fpa      , Aa^Fpa      , Aa^Fpa      , Aa^Fpa      , Aa^Fpa      , Gd^Vh       , Ww          , Ww          , Ai          , Ms          , Ms          , Aa          , Gd          , Gd          , Gd          , Gd          , Aa          , Re          , Gd          , Aa^Fpa      , Aa^Fpa      , Gll^Fp      , Gll^Fp      , Aa^Fpa      , Gd          , Aa          , Aa          , Ha          , Ha          , Aa          , Ha          , Ha          , Ha          , Aa          , Gd          , Gd          , Gd          , Gd          , Re          , Re          
Aa          , Aa          , Gd          , Gd          , Gd          , Aa^Fpa      , Aa^Fpa      , Ww          , Ww          , Ww          , Ww          , Ai          , Ha          , Ha          , Gd          , Aa^Fpa      , Gd          , Aa          , Gd          , Re          , Gd          , Aa^Fpa      , Gll^Fp      , Gd          , Gll^Fp      , Aa^Fpa      , Aa^Fpa      , Aa^Fpa      , Ha          , Ha          , Ha          , Ha          , Aa          , Gd          , Gd          , Aa          , Gd          , Gd          , Aa          , Re          , Gd          , Aa^Fpa      
Aa          , Aa          , Gd          , Gd          , Gd          , Gd          , Ww          , Ww          , Ww          , Ww          , Ww          , Ai          , Ms          , Ms          , Ha          , Gd          , Gd          , Aa          , Aa          , Re          , Gd^Vh       , Aa^Fpa      , Gll^Fp      , Gd          , Gll^Fp      , Gll^Fp      , Aa^Vha      , Hhd         , Ha          , Ha          , Aa          , Ha          , Ha          , Aa^Fpa      , Gd          , Gd          , Gd          , Gd          , Aa          , Re          , Gd          , Gd          
Aa          , Gd          , Aa^Fpa      , Aa^Fpa      , Gd          , Aa^Fpa      , Hhd         , Hhd         , Ww          , Ww          , Ww          , Ms          , Ms          , Ms          , Ms          , Aa          , Aa          , Aa          , Re          , Re          , Ww          , Ww          , Ww          , Gll^Fp      , Gll^Fp      , Aa^Fpa      , Gd          , Ha          , Ha          , Ha          , Aa          , Aa          , Gd          , Gd          , Aa^Fpa      , Aa^Fpa      , Gd          , Gd          , Aa          , Re          , Re          , Aa          
Aa          , Gd          , Aa^Fpa      , Aa^Fpa      , Aa^Fpa      , Gll^Fp      , Hhd         , Hhd         , Ww          , Ww          , Ms          , Ms          , Ms          , Ms          , Ha          , Ha          , Aa          , Re          , Aa          , Aa          , Ai          , Ww          , Aa^Fpa      , Aa^Fpa      , Aa^Fpa      , Gd          , Aa          , Aa          , Ha          , Aa          , Aa          , Gd          , Gd          , Gd          , Aa^Vha      , Aa^Fpa      , Aa^Fpa      , Aa^Fpa      , Aa^Fpa      , Aa          , Aa          , Re          
Aa          , Gd          , Aa^Fpa      , Gll^Fp      , Gll^Fp      , Gll^Fp      , Hhd         , Mm          , Mm          , Mm          , Mm          , Ms          , Ha          , Ha          , Ha          , Aa          , Re          , Re          , Aa          , Aa          , Ai          , Ww          , Ww          , Ww          , Gd          , Aa          , Aa          , Aa          , Aa          , Aa          , Gd          , Gd          , Gd          , Aa^Fpa      , Aa^Fpa      , Aa^Fpa      , Aa^Fpa      , Gll^Fp      , Aa^Fpa      , Gd          , Aa          , Aa          
Gd          , Aa^Fpa      , Aa^Vha      , Gll^Fp      , Gll^Fp      , Gll^Fp      , Aa^Fpa      , Hhd         , Mm          , Mm          , Mm          , Ms          , Ha          , Ha          , Re          , Re          , Gd          , Gd          , Gd          , Aa          , Ai          , Ww          , Ai          , Ww          , Gd          , Aa          , Gd          , Aa          , Aa          , Aa          , Gd          , Gd          , Gd          , Gd          , Gd          , Aa^Fpa      , Aa^Fpa      , Aa^Fpa      , Aa^Fpa      , Gd          , Aa          , Re          
Aa^Fpa      , Aa^Fpa      , Gd          , Gd          , Gd          , Gll^Fp      , Gll^Fp      , Hhd         , Hhd         , Mm          , Mm          , Ha          , Ha          , Re          , Aa^Vha      , Aa^Fpa      , Aa^Fpa      , Aa^Fpa      , Aa^Fpa      , Ww          , Ai          , Wo          , Ww          , Ww          , Ww          , Gd          , Gd          , Gd          , Gd          , Aa          , Gd          , Gd          , Gd          , Gd          , Gd          , Aa^Fpa      , Aa^Fpa      , Aa^Vha      , Gd          , Gd          , Aa          , Re          
Aa^Fpa      , Gll^Fp      , Gll^Fp      , Gd          , Gd          , Gll^Fp      , Gll^Fp      , Aa^Fpa      , Hhd         , Ms          , Mm          , Mm          , Re          , Re          , Aa^Fpa      , Aa^Fpa      , Gll^Fp      , Gll^Fp      , Aa^Fpa      , Gd          , Ai          , Ww          , Wo          , Ww          , Ww          , Aa^Fpa      , Aa^Fpa      , Gd          , Gd          , Aa          , Gd          , Gd          , Gd          , Aa^Fpa      , Gd          , Aa^Fpa      , Aa^Fpa      , Aa^Fpa      , Gd          , Gd          , Aa          , Aa          
Aa^Fpa      , Aa^Fpa      , Aa^Fpa      , Aa^Fpa      , Gll^Fp      , Gll^Fp      , Aa^Fpa      , Gd          , Ha^Vhha     , Ha          , Re          , Re          , Aa^Fpa      , Aa^Fpa      , Aa^Fpa      , Gll^Fp      , Gd          , Gd          , Gll^Fp      , Aa^Fpa      , Gd          , Ai          , Ww          , Wo          , Ww          , Ww          , Aa^Fpa      , Aa          , Aa          , Aa          , Aa          , Aa          , Aa          , Gd          , Aa^Fpa      , Aa^Fpa      , Gd          , Gd          , Gd          , Aa          , Aa          , Gd          
Aa^Fpa      , Aa^Fpa      , Aa^Fpa      , Ch          , Aa^Fpa      , Aa^Fpa      , Aa^Fpa      , Gd          , Gd          , Re          , Aa^Fpa      , Gll^Fp      , Gll^Fp      , Aa^Fpa      , Aa^Vha      , Aa^Fpa      , Gll^Fp      , Gd          , Gll^Fp      , Aa^Fpa      , Gd          , Gd^Vh       , Ww          , Ww          , Ww          , Ww          , Ww          , Gd          , Gd          , Aa          , Aa          , Aa          , Aa          , Aa          , Gd          , Aa^Fpa      , Gd          , Gd          , Aa          , Gd          , Gd          , Gd          
Gd          , Aa^Vha      , Ch          , Ch          , Ch          , Ch          , Aa^Fpa      , Gd          , Re          , Re          , Gll^Fp      , Gd          , Gd          , Gll^Fp      , Gll^Fp      , Aa^Fpa      , Aa^Fpa      , Gll^Fp      , Gd          , Gll^Fp      , Aa^Fpa      , Gd          , Gd          , Ww          , Aa^Fpa      , Ww          , Aa^Vha      , Ww          , Ww          , Gd          , Gd          , Aa          , Aa          , Aa          , Gd          , Aa^Fpa      , Aa^Vha      , Aa^Fpa      , Aa^Fpa      , Aa^Fpa      , Aa^Fpa      , Aa^Fpa      
Aa^Fpa      , Gd          , Ch          , Ch          , 1 Kh        , Ch          , Aa^Fpa      , Re          , Aa^Fpa      , Aa^Fpa      , Gd          , Gd          , Gd          , Aa^Fpa      , Aa^Fpa      , Gd          , Aa^Fpa      , Aa^Fpa      , Gll^Fp      , Aa^Fpa      , Aa^Fpa      , Gd          , Gd          , Gd          , Aa^Fpa      , Ww          , Ww          , Ww          , Ww          , Ww          , Aa^Fpa      , Gd          , Aa          , Aa          , Aa          , Gd          , Aa^Fpa      , Aa^Fpa      , Gll^Fp      , Aa^Fpa      , Aa^Fpa      , Aa^Fpa      
Aa^Fpa      , Aa^Fpa      , Ch          , Ch          , Ch          , Re          , Re          , Re          , Aa^Vha      , Aa^Fpa      , Gll^Fp      , Gll^Fp      , Gll^Fp      , Aa^Fpa      , Gd          , Ha          , Gd          , Aa^Fpa      , Aa^Fpa      , Aa^Fpa      , Aa^Fpa      , Aa^Fpa      , Gd          , Gd          , Gd          , Aa^Fpa      , Gd          , Ww          , Ww          , Ww          , Ww          , Gd          , Aa          , Aa          , Aa          , Gd          , Gd          , Aa^Fpa      , Gll^Fp      , Gll^Fp      , Gll^Fp      , Gll^Fp      
Gll^Fp      , Aa^Fpa      , Gd          , Aa^Fpa      , Gd          , Aa^Fpa      , Aa^Fpa      , Aa^Fpa      , Aa^Fpa      , Aa^Fpa      , Aa^Fpa      , Aa^Fpa      , Gd          , Gd          , Aa          , Ha          , Ha          , Gd          , Aa^Fpa      , Aa^Vha      , Aa^Fpa      , Aa^Fpa      , Aa^Fpa      , Gd          , Gd          , Gd          , Gd          , Gd          , Ww          , Ww          , Ww          , Ww          , Aa          , Aa          , Aa          , Aa          , Gd          , Aa^Fpa      , Gll^Fp      , Gll^Fp      , Gd          , Aa^Fpa      
Gll^Fp      , Aa^Fpa      , Aa          , Gd          , Gd          , Aa^Fpa      , Aa^Fpa      , Gd          , Gd          , Gd          , Gd          , Aa          , Aa          , Aa          , Aa          , Ha          , Ha          , Ha          , Aa^Fpa      , Aa^Fpa      , Aa^Fpa      , Gd          , Aa^Fpa      , Gd          , Gd          , Gd          , Aa          , Aa          , Aa          , Aa          , Aa          , Aa          , Aa          , Aa          , Aa          , Gd          , Gd          , Aa^Fpa      , Gll^Fp      , Gd          , Gll^Fp      , Aa^Fpa      
Aa^Fpa      , Aa^Fpa      , Aa          , Gd          , Gd          , Aa^Fpa      , Gd          , Gd          , Gd          , Gd          , Gd          , Gd          , Gd          , Aa          , Aa          , Ha          , Aa          , Aa          , Gd          , Aa^Fpa      , Aa^Fpa      , Aa^Fpa      , Gd          , Gd          , Gd          , Gd          , Aa          , Aa          , Aa          , Aa          , Aa          , Aa          , Aa          , Aa          , Aa          , Aa          , Aa          , Aa^Fpa      , Gll^Fp      , Aa^Fpa      , Aa^Fpa      , Gd          
Aa^Fpa      , Gd          , Aa          , Gd          , Gd          , Gd          , Gd          , Gd          , Gd          , Aa^Fpa      , Aa^Fpa      , Aa^Fpa      , Aa^Fpa      , Gd          , Ha          , Ha          , Aa          , Aa          , Gd          , Gd          , Aa^Fpa      , Aa^Fpa      , Hhd         , Hhd         , Hhd         , Hhd         , Ha          , Aa          , Aa          , Aa          , Aa          , Aa          , Aa          , Aa          , Aa          , Aa          , Aa          , Gd          , Aa^Fpa      , Aa^Vha      , Gd          , Gd          
Aa          , Aa          , Gd          , Gd          , Gd          , Gd          , Aa          , Aa          , Gd          , Aa^Fpa      , Aa^Fpa      , Aa^Fpa      , Aa^Fpa      , Gd          , Aa          , Aa          , Aa          , Aa          , Aa          , Aa          , Aa^Fpa      , Hhd         , Hhd         , Mm          , Mm          , Mm          , Mm          , Ms          , Ha          , Aa          , Aa          , Aa          , Aa          , Aa          , Gd          , Gd          , Aa^Fpa      , Gd          , Gd          , Gd          , Aa          , Aa          
Aa          , Aa          , Gd          , Gd^Vh       , Gd          , Aa          , Aa          , Aa          , Gd          , Aa^Fpa      , Aa^Fpa      , Aa^Fpa      , Aa^Fpa      , Gd          , Aa^Vha      , Aa          , Aa          , Aa          , Aa          , Aa          , Gd          , Hhd         , Hhd         , Mm          , Mm          , Mm          , Mm          , Mm          , Mm          , Ha          , Aa          , Aa          , Gd          , Gd          , Aa^Vha      , Aa^Fpa      , Aa^Fpa      , Aa^Fpa      , Gd          , Aa          , Aa          , Re          
Aa          , Aa          , Gd          , Gd          , Gd          , Aa          , Aa          , Aa          , Aa^Fpa      , Aa^Fpa      , Gll^Fp      , Gll^Fp      , Aa^Fpa      , Gd          , Aa          , Aa          , Aa          , Aa          , Aa^Vha      , Aa          , Ha          , Gd          , Aa^Fpa      , Hhd         , Mm^Vhh      , Mm          , Mm          , Mm          , Mm          , Hhd         , Ha          , Aa          , Gd          , Aa^Fpa      , Aa^Fpa      , Aa^Fpa      , Aa^Vha      , Gd          , Aa          , Aa          , Re          , Re          
Aa          , Aa          , Gd          , Gd          , Gd          , Aa          , Aa          , Aa          , Aa^Fpa      , Gll^Fp      , Gll^Fp      , Aa^Fpa      , Aa^Fpa      , Gd          , Aa          , Aa          , Aa          , Aa          , Aa          , Aa          , Ha          , Gd          , Gd          , Hhd         , Mm          , Mm          , Mm          , Mm          , Mm          , Mm          , Hhd         , Hhd         , Aa^Fpa      , Aa^Fpa      , Aa^Fpa      , Aa^Fpa      , Aa^Fpa      , Gd          , Aa          , Re          , Gd          , Hhd         
Aa          , Aa          , Aa          , Aa          , Aa          , Aa          , Aa          , Aa          , Gd          , Aa^Fpa      , Aa^Fpa      , Aa^Vha      , Aa^Fpa      , Gd          , Aa          , Aa          , Gd          , Aa          , Aa          , Aa          , Ha          , Ha          , Gd          , Gd          , Mm          , Mm          , Mm          , Mm          , Mm          , Mm          , Mm          , Mm          , Hhd         , Aa^Fpa      , Aa^Fpa      , Aa^Fpa      , Gd          , Gd          , Aa          , Re          , Re          , Aa^Fpa      
Aa          , Aa          , Aa          , Aa          , Aa          , Aa          , Aa          , Aa          , Aa          , Gd          , Aa^Fpa      , Aa^Fpa      , Gd          , Gd          , Aa          , Aa          , Gd          , Gd          , Aa          , Aa          , Aa          , Ha          , Aa          , Aa          , Ha          , Mm          , Hhd         , Mm          , Mm          , Mm          , Mm          , Mm          , Mm          , Hhd         , Aa^Fpa      , Gd          , Gd          , Gd          , Gd          , Aa^Fpa      , Re          , Aa^Fpa      
Aa          , Aa          , Aa          , Aa          , Aa          , Aa          , Aa          , Aa          , Aa          , Aa          , Gd          , Gd          , Aa^Fpa      , Aa^Fpa      , Aa^Fpa      , Gd          , Gd          , Ha          , Aa          , Aa          , Gd          , Aa          , Aa          , Aa          , Gd          , Gd          , Hhd         , Mm          , Mm          , Mm          , Mm          , Ms          , Hhd         , Hhd         , Gd          , Gd          , Re          , Re          , Re          , Re          , Gd          , Aa^Fpa      
Gd          , Gd          , Gd          , Gd          , Gd          , Aa          , Aa          , Aa          , Gd          , Aa^Fpa      , Aa^Fpa      , Gd          , Gd          , Ww          , Aa^Fpa      , Aa^Fpa      , Aa^Fpa      , Gd          , Aa          , Gd          , Gd          , Gd          , Gd          , Gd          , Gd          , Gd          , Aa^Fpa      , Ww          , Ww          , Ww          , Mm          , Ha          , Hhd         , Re          , Re          , Re          , Gd          , Gd          , Gd          , Re          , Gd          , Aa          
