border_size=1
usage=map

Aa^Fpa      , Aa^Fpa      , Re          , Re          , Ha          , Ha          , Ms          , Ms          , Hhd         , Re          , Re          , Gll^Fp      , Gd          , Gd          , Ww          , Ww          , Ww          , Ww          , Ww          , Ww          , Hhd         , Gll^Fp      , Gll^Fp      , Aa^Fpa      , Gd          , Gd          , Re          , Aa          , Gd          , Aa^Fpa      , Aa^Fpa      , Gd          
Gd          , Aa^Vha      , Re          , Ms          , Ms          , Ms          , Ms          , Mm          , Mm          , Mm          , Hhd         , Re          , Re          , Gd          , Ww          , Ww          , Ww          , Ww          , Ai          , Ww          , Gd          , Aa^Fpa      , Aa^Fpa      , Aa^Fpa      , Re          , Re          , Aa          , Aa          , Aa          , Gd          , Aa^Fpa      , Aa^Fpa      
Gd          , Re          , Hhd         , Ms          , Ms          , Ms          , Ms          , Mm          , Mm          , Mm          , Hhd         , Gd          , Re          , Gll^Fp      , Ww          , Ww          , Ww          , Ai          , Ha          , Gd          , Re          , Gd          , Re          , Re          , Aa          , Aa          , Aa          , Aa          , Aa          , Gd          , Gd          , Aa^Fpa      
Gd          , Re          , Ms          , Ms          , Ms          , Ms          , Ms          , Mm          , Mm          , Mm          , Mm          , Ch          , Ch          , Ch          , Ww          , Ww          , Ww^Bw/      , Re          , Re          , Re          , Aa^Fpa      , Re          , Aa          , Aa          , Aa          , Aa          , Aa          , Aa          , Aa          , Gd          , Gd          , Gd          
Re          , Re          , Ha          , Ms          , Ms          , Ms          , Ms          , Ww          , Mm          , Mm          , Mm          , Ch          , 2 Kh        , Aa^Fpa      , Re          , Re          , Aa^Fpa      , Aa^Fpa      , Aa^Fpa      , Aa^Fpa      , Aa^Fpa      , Gd          , Gd          , Gd          , Aa          , Gd          , Ha          , Ms          , Ha          , Hhd         , Gd          , Gd          
Re          , Gd          , Ha          , Ha          , Ms          , Ms          , Ai          , Ww          , Ww          , Ww          , Ww          , Aa^Fpa      , Re          , Gll^Fp      , Re          , Aa^Fpa      , Aa^Fpa      , Aa^Fpa      , Aa^Fpa      , Aa^Fpa      , Aa^Fpa      , Aa^Fpa      , Aa^Fpa      , Aa^Fpa      , Gd          , Hhd         , Mm          , Mm          , Mm          , Mm          , Hhd         , Ha          
Gd          , Gd          , Gd          , Aa          , Ai          , Ai          , Ai          , Ww          , Ww          , Ww          , Ww          , Ww          , Aa^Fpa      , Re          , Re          , Aa^Fpa      , Aa^Vha      , Aa^Fpa      , Aa^Fpa      , Gll^Fp      , Gll^Fp      , Aa^Fpa      , Aa^Fpa      , Aa^Fpa      , Hhd         , Mm          , Mm          , Mm          , Mm          , Mm          , Hhd         , Ms          
Aa          , Aa          , Aa          , Aa          , Aa          , Ai          , Ww          , Ww          , Ww          , Ww          , Ww          , Ww          , Ww          , Aa^Fpa      , Re          , Aa^Fpa      , Aa^Fpa      , Aa^Fpa      , Aa^Fpa      , Aa^Fpa      , Hhd         , Gll^Fp      , Aa^Fpa      , Hhd         , Hhd         , Mm          , Mm          , Mm          , Mm          , Mm          , Mm          , Ha          
Aa          , Aa          , Aa          , Aa          , Aa          , Ww          , Ww          , Ww          , Ww          , Ww          , Ww          , Ai          , Gd          , Re          , Aa^Fpa      , Aa^Fpa      , Aa^Fpa      , Aa^Fpa      , Aa^Fpa      , Aa^Fpa      , Aa^Fpa      , Aa^Fpa      , Aa^Fpa      , Hhd         , Mm          , Mm          , Mm          , Mm          , Mm          , Mm          , Hhd         , Ha          
Aa          , Aa          , Aa          , Aa          , Aa          , Aa          , Ww          , Aa^Fpa      , Ww          , Ww          , Ww          , Ai          , Gd          , Re          , Re          , Gd          , Gd          , Gd          , Gd          , Gd          , Aa^Fpa      , Gd          , Gd          , Hhd         , Hhd         , Mm          , Mm          , Mm          , Mm          , Hhd         , Gd          , Aa          
Aa          , Aa          , Aa          , Gd          , Aa          , Aa          , Gd          , Aa^Fpa      , Gll^Fp      , Aa^Fpa      , Ww          , Ww          , Aa          , Aa          , Aa          , Re          , Re          , Gd          , Gd          , Gd          , Gd          , Gd          , Aa          , Aa          , Gd          , Hhd         , Mm          , Mm          , Hhd         , Aa^Fpa      , Gd          , Aa          
Aa          , Aa          , Ai          , Ai          , Aa          , Gd          , Aa^Fpa      , Gll^Fp      , Gll^Fp      , Gll^Fp      , Ww          , Aa          , Aa          , Aa          , Aa          , Aa          , Re          , Gd          , Aa          , Aa          , Gd          , Aa          , Aa          , Aa          , Gd          , Gd          , Hhd         , Hhd         , Aa^Fpa      , Aa^Fpa      , Re          , Re          
Gd          , Ai          , Ai          , Ai          , Aa          , Gd          , Aa^Fpa      , Aa^Fpa      , Ww          , Ww          , Ww          , Aa          , Aa          , Aa          , Aa          , Aa          , Aa          , Re          , Gd          , Gd          , Gd          , Aa          , Aa          , Aa          , Aa          , Aa          , Aa          , Gd          , Gd          , Gd          , Re          , Ww          
Ww          , Ai          , Ai          , Ai          , Ai          , Aa          , Ww          , Ww          , Aa^Fpa      , Ww          , Aa^Fpa      , Gd          , Gd          , Aa^Fpa      , Gd          , Aa          , Aa          , Re          , Aa^Fpa      , Aa^Fpa      , Gd          , Gd          , Gd          , Gd          , Gd          , Aa          , Gd          , Aa^Fpa      , Aa^Fpa      , Re          , Ww          , Ww          
Ww          , Ai          , Ai          , Ai          , Ai          , Ai          , Gd          , Aa^Fpa      , Aa^Fpa      , Aa^Fpa      , Gll^Fp      , Gll^Fp      , Aa^Fpa      , Aa^Fpa      , Gd          , Aa          , Gd          , Re          , Aa^Fpa      , Aa^Fpa      , Aa^Fpa      , Aa^Fpa      , Aa^Fpa      , Aa^Fpa      , Aa^Fpa      , Gd          , Aa^Fpa      , Gll^Fp      , Ww          , Ww^Bw|      , Ww          , Ww          
Mm          , Ai          , Ai          , Ai          , Aa          , Ha          , Gd          , Aa^Fpa      , Aa^Fpa      , Gll^Fp      , Gd          , Gll^Fp      , Gll^Fp      , Aa^Fpa      , Gd          , Aa          , Gd          , Re          , Aa^Fpa      , Aa^Fpa      , Gll^Fp      , Aa^Fpa      , Gll^Fp      , Gll^Fp      , Gll^Fp      , Aa^Fpa      , Gll^Fp      , Ww          , Ww          , Re          , Re          , Ww          
Ww          , Ms          , Ai          , Ha          , Ha          , Gd          , Aa^Fpa      , Gd          , Aa^Fpa      , Aa^Fpa      , Gd          , Gd          , Gd          , Gll^Fp      , Aa^Fpa      , Aa          , Gd          , Re          , Aa^Fpa      , Aa^Fpa      , Aa^Fpa      , Aa^Fpa      , Gll^Fp      , Gd          , Gd          , Gd          , Ww          , Ww          , Ww          , Aa^Fpa      , Re          , Ai          
Ai          , Ai          , Ha          , Ha          , Gd          , Aa^Fpa      , Gd          , Gd          , Gd          , Aa^Fpa      , Gd          , Gd          , Gd          , Gd          , Aa^Fpa      , Gd          , Aa          , Re          , Re          , Gd          , Gd          , Aa^Fpa      , Gd          , Gd          , Gd          , Gd          , Gll^Fp      , Ww          , Ww          , Gd          , Re          , Ai          
Ai          , Ai          , Aa          , Aa          , Gd^Vh       , Gd          , Gd          , Aa          , Gd          , Aa^Fpa      , Gll^Fp      , Gll^Fp      , Gd          , Gd          , Aa^Fpa      , Gd          , Gd          , Gd          , Gd          , Re          , Re          , Gll^Fp      , Gd          , Gd          , Re          , Gd          , Gll^Fp      , Aa^Fpa      , Gd          , Aa^Fpa      , Re          , Gd          
Ai          , Ai          , Ai          , Gd          , Gd          , Gd          , Gd          , Aa          , Gd          , Aa^Fpa      , Aa^Fpa      , Aa^Fpa      , Gll^Fp      , Gll^Fp      , Aa^Fpa      , Gd          , Gd          , Gd          , Gd          , Gd          , Gd          , Re          , Re          , Re          , Gd          , Re          , Re          , Gll^Fp      , Re          , Re          , Gll^Fp      , Aa^Fpa      
Ai          , Ai          , Ww          , Aa^Fpa      , Aa^Fpa      , Aa^Fpa      , Gd          , Aa          , Aa          , Gd          , Aa^Fpa      , Aa^Fpa      , Aa^Fpa      , Aa^Fpa      , Aa^Fpa      , Aa^Fpa      , Gd          , Gd          , Aa          , Aa          , Gd          , Aa^Fpa      , Gll^Fp      , Gll^Fp      , Gll^Fp      , Gll^Fp      , Re          , Re          , Gd          , Gd          , Gd          , Gll^Fp      
Ww          , Ww          , Aa^Fpa      , Gll^Fp      , Gd          , Aa^Fpa      , Aa          , Aa          , Aa          , Aa          , Gd          , Gd          , Aa^Fpa      , Aa^Fpa      , Aa^Vha      , Gd          , Gd          , Aa          , Aa          , Aa          , Aa          , Aa          , Gd          , Gd          , Aa^Fpa      , Ch          , Ch          , Ch          , Gd          , Gd          , Gd          , Gd          
Ww          , Aa^Fpa      , Aa^Fpa      , Gll^Fp      , Aa^Fpa      , Aa^Fpa      , Aa          , Aa          , Aa          , Aa          , Aa          , Gd          , Gd          , Gd          , Gd          , Aa          , Aa          , Aa          , Aa          , Aa          , Aa          , Aa          , Gd          , Gd          , Aa^Fpa      , Ch          , 1 Kh        , Gll^Fp      , Gd          , Gd          , Gd          , Gll^Fp      
Ww          , Aa^Fpa      , Gll^Fp      , Aa^Fpa      , Gd          , Aa          , Aa          , Aa          , Aa          , Aa          , Aa          , Aa          , Aa          , Gd          , Aa          , Aa          , Aa          , Aa          , Ha          , Aa          , Gd          , Aa^Fpa      , Aa^Fpa      , Aa^Fpa      , Re          , Re          , Aa^Fpa      , Gd          , Gd          , Gd          , Gd          , Gll^Fp      
Aa^Fpa      , Gll^Fp      , Gll^Fp      , Aa^Fpa      , Gd          , Aa          , Aa          , Aa          , Aa          , Aa          , Aa          , Aa          , Gd          , Gd          , Gd          , Aa          , Aa          , Ha          , Ha          , Ha          , Hhd         , Aa^Fpa      , Gll^Fp      , Gd          , Re          , Ww          , Gll^Fp      , Gll^Fp      , Gll^Fp      , Gll^Fp      , Gll^Fp      , Gll^Fp      
Gll^Fp      , Aa^Fpa      , Aa^Fpa      , Aa^Fpa      , Aa^Fpa      , Aa          , Aa          , Aa          , Aa          , Gd          , Gd          , Gd          , Gd          , Gd          , Gd          , Gd          , Hhd         , Hhd         , Ha          , Hhd         , Hhd         , Aa^Fpa      , Gd          , Gd          , Re          , Ww          , Ww          , Ww          , Aa^Fpa      , Gll^Fp      , Gll^Fp      , Aa^Fpa      
Aa^Fpa      , Aa^Fpa      , Aa^Fpa      , Aa^Fpa      , Gd          , Aa          , Ha          , Ha          , Aa          , Aa          , Gd          , Aa^Fpa      , Gd          , Gd          , Aa^Fpa      , Aa^Fpa      , Hhd         , Mm          , Mm          , Mm          , Hhd         , Hhd         , Hhd         , Hhd         , Re          , Ww          , Ww          , Ww          , Ww          , Aa^Fpa      , Aa^Fpa      , Gd          
Gd          , Gd          , Gd          , Gd          , Aa          , Ha          , Ms          , Ms          , Ha          , Aa          , Gd          , Gd          , Gd          , Gd          , Aa^Fpa      , Aa^Fpa      , Hhd         , Mm          , Mm          , Mm          , Mm          , Mm          , Mm          , Re          , Hhd         , Ww          , Ww          , Ww          , Ww          , Ww          , Gd          , Gd          
Aa          , Aa          , Gd          , Ha          , Aa          , Ha          , Ms          , Ms          , Ha          , Ha          , Gd          , Aa^Fpa      , Aa^Fpa      , Aa^Fpa      , Aa^Fpa      , Aa^Fpa      , Aa^Fpa      , Hhd         , Mm          , Mm          , Mm          , Ms          , Hhd         , Re          , Ww          , Ww          , Ww          , Ww          , Ww          , Hhd         , Aa^Fpa      , Gd          
Gd          , Gd          , Aa^Fpa      , Gd          , Ha          , Ha          , Mm          , Ha          , Ha          , Gd          , Aa^Fpa      , Aa^Fpa      , Aa^Fpa      , Aa^Fpa      , Gd          , Aa^Fpa      , Aa^Fpa      , Hhd         , Mm          , Mm          , Mm          , Mm          , Hhd         , Re          , Hhd         , Ww          , Ww          , Ww          , Hhd         , Gll^Fp      , Aa^Fpa      , Aa^Fpa      
Gd          , Aa^Fpa      , Gd          , Gd          , Gd          , Hhd         , Hhd         , Hhd         , Aa^Fpa      , Aa^Fpa      , Aa^Fpa      , Aa^Fpa      , Gll^Fp      , Aa^Fpa      , Gd          , Aa^Fpa      , Aa^Fpa      , Aa^Fpa      , Hhd         , Hhd         , Hhd         , Hhd         , Hhd         , Re          , Re          , Gd          , Ww          , Ww          , Gd          , Gll^Fp      , Hhd         , Aa^Fpa      
Aa^Fpa      , Aa^Fpa      , Aa^Fpa      , Gd          , Gd          , Gd          , Gd          , Aa^Fpa      , Aa^Fpa      , Aa^Fpa      , Aa^Fpa      , Aa^Fpa      , Aa^Fpa      , Aa^Fpa      , Gd          , Aa^Fpa      , Aa^Fpa      , Aa^Fpa      , Aa^Fpa      , Hhd         , Hhd         , Aa^Fpa      , Gll^Fp      , Re          , Gd          , Re          , Ww          , Gll^Fp      , Gd          , Gd          , Ww          , Ww          
