border_size=1
usage=map

Hh          , Hh          , Hh          , Hh          , Gs^Fp       , Gs^Fp       , Gg          , Gg          , Gg          , Aa          , Gg          , Gg          , Gg          , Gg          , Gs^Fp       , Gs^Fp       , Gg          , Gg          , Gg          , Gg          , Gg          , Gg          
Hh          , Hh          , Mm          , Mm          , Gs^Fp       , Gs^Fp       , Gg          , Gg          , Gg          , Gg          , Gg          , Gg          , Gg          , Gg          , Gs^Fp       , Gg          , Hh          , Gg          , Gg          , Gg          , Gg^Vh       , Gg          
Hh          , Mm          , Mm          , Hh          , Gs^Fp       , Gg          , Gg          , Gg          , Rr          , Rr          , Rr          , Gg          , Gg          , Gg          , Gg          , Gg          , Gg          , Hh          , Rr          , Rr          , Rr          , Gg          
Hh          , Hh          , Mm          , Ch          , Ch          , Ch          , Aa          , Rr          , Gg          , Gs^Fp       , Gs^Fp       , Rr          , Rr          , Gg          , Rr          , Gg          , Rr          , Rr          , Gs^Fp       , Gg^Ve       , Gs^Fp       , Rr          
Gg          , Gg          , Rr          , Ch          , 1 Kh        , Ch          , Gg          , Gg          , Gg          , Gs^Fp       , Gg^Ve       , Gs^Fp       , Gs^Fp       , Rr          , Gg          , Rr          , Gg          , Gg          , Gs^Fp       , Gs^Fp       , Gs^Fp       , Gg          
Rr          , Rr          , Ch          , Ch          , Ch          , Rr          , Rr          , Gg          , Gg          , Gs^Fp       , Gs^Fp       , Gs^Fp       , Gs^Fp       , Gs^Fp       , Gs^Fp       , Gg          , Gg          , Gg          , Gs^Fp       , Gs^Fp       , Gg          , Gg          
Gg          , Gg          , Gg          , Gs^Fp       , Gs^Fp       , Gg          , Gg^Vh       , Rr          , Rr          , Gs^Fp       , Gs^Fp       , Gg          , Gg          , Gs^Fp       , Gs^Fp       , Gs^Fp       , Gg          , Gg          , Gg          , Gg          , Gg          , Gg          
Gg          , Gg          , Gg          , Gg          , Gs^Fp       , Gg          , Gg          , Gs^Fp       , Gs^Fp       , Rr          , Rr          , Gg          , Gg          , Gg          , Gs^Fp       , Gs^Fp       , Gg          , Ds          , Gg          , Gg          , Gg          , Gg          
Gs^Fp       , Gg          , Gg          , Gg          , Gs^Fp       , Gg          , Gg          , Gs^Fp       , Gg          , Gg          , Gg          , Rr          , Rr          , Gs^Fp       , Gs^Fp       , Gs^Fp       , Ds          , Ds          , Ds          , Gg          , Gg          , Gg          
Gg          , Gs^Fp       , Gs^Fp       , Gs^Fp       , Gs^Fp       , Gs^Fp       , Gg          , Gs^Fp       , Gg          , Gg          , Gg          , Gg          , Gs^Fp       , Rr          , Gs^Fp       , Ds          , Ds          , Ds          , Ds          , Gg          , Gg          , Gg          
Gg          , Gs^Fp       , Gs^Fp       , Gs^Fp       , Gg          , Gs^Fp       , Gs^Fp       , Gs^Fp       , Gs^Fp       , Gg          , Gg          , Gg          , Gs^Fp       , Rr          , Rr          , Gs^Fp       , Gg^Ve       , Gg          , Gg          , Gg          , Gg          , Gg          
Rr          , Gg          , Gs^Fp       , Gg          , Gg          , Gg          , Gs^Fp       , Ss          , Gs^Fp       , Gg          , Gg          , Gg          , Gs^Fp       , Gg          , Rr          , Gs^Fp       , Gs^Fp       , Gg          , Gg          , Gs^Fp       , Gg          , Gg          
Rr          , Gg          , Gg          , Gs^Fp       , Gg          , Gg          , Gg          , Gs^Fp       , Ds          , Gg          , Gg          , Gg          , Gg^Ve       , Gs^Fp       , Rr          , Gs^Fp       , Gs^Fp       , Gg          , Gs^Fp       , Gs^Fp       , Gg          , Gg          
Gs^Fp       , Gs^Fp       , Gg          , Gg^Ve       , Gs^Fp       , Gg          , Gs^Fp       , Gs^Fp       , Ds          , Gg          , Gg          , Gg          , Gs^Fp       , Gs^Fp       , Rr          , Gs^Fp       , Gs^Fp       , Gg          , Gg^Vh       , Gg          , Gg          , Gg          
Gs^Fp       , Gs^Fp       , Gg          , Gs^Fp       , Gg          , Gs^Fp       , Gs^Fp       , Gg          , Gg          , Gg          , Gg^Vh       , Gg          , Gg          , Ch          , Ch          , Ch          , Hh          , Hh          , Hh          , Gg          , Gg          , Gg          
Gs^Fp       , Gs^Fp       , Gs^Fp       , Gs^Fp       , Gs^Fp       , Gg          , Gg          , Gg          , Ds          , Gg          , Gg          , Gg          , Gg          , Ch          , 2 Kh        , Ch          , Mm          , Mm          , Hh          , Gg          , Gg          , Gg          
Gs^Fp       , Gs^Fp       , Gs^Fp       , Gs^Fp       , Gg          , Gg          , Gg          , Gg          , Aa          , Gg          , Gg          , Gg          , Ch          , Ch          , Ch          , Hh          , Mm          , Mm          , Hh          , Gg          , Gg          , Gg          
Gs^Fp       , Gs^Fp       , Gs^Fp       , Gs^Fp       , Gg          , Gg          , Gg          , Gg          , Aa          , Gg          , Gg          , Gg          , Gg          , Gg          , Ha          , Mm          , Hh          , Gg          , Gg          , Gg          , Gg          , Gs^Fp       
Gg          , Gg          , Gg          , Gg          , Gg^Vh       , Gg          , Gg          , Gg          , Gg          , Gg          , Gg          , Gg          , Gg          , Hh          , Mm          , Mm          , Hh          , Gg          , Gg          , Gg          , Gs^Fp       , Gs^Fp       
Ww          , Hh          , Hh          , Hh          , Hh          , Gg          , Gg          , Gg          , Gg          , Gs^Fp       , Gs^Fp       , Gs^Fp       , Gg          , Hh          , Ha          , Ha          , Gg          , Gg          , Gs^Fp       , Gs^Fp       , Gs^Fp       , Gs^Fp       
Hh          , Mm          , Mm          , Mm          , Mm          , Gg          , Gg          , Gg          , Gg          , Gs^Fp       , Gs^Fp       , Gs^Fp       , Gs^Fp       , Hh          , Aa          , Aa          , Gg          , Gg          , Gs^Fp       , Gg^Ve       , Gs^Fp       , Gs^Fp       
Mm          , Mm          , Mm          , Mm          , Mm          , Hh          , Gg          , Gg          , Gg          , Gs^Fp       , Gs^Fp       , Gs^Fp       , Gg          , Gg          , Aa          , Aa          , Gg          , Gg          , Gg          , Gs^Fp       , Gs^Fp       , Ss          
